site-packages/stonesoup/functions/__init__.py:<LINE>: UserWarning: LinAlgError('Matrix is not positive definite')
  warnings.warn(repr(e))
[Scoring] nll: prob_detect=0.99, clutter_density=0.0001, log_hit_base=+9.200, log_miss=-4.605
OPERATING_MODE setup=bearing_range resolved=CUSTOM requested=CUSTOM scenario_start_time=2026-01-01 00:00:00 births=on external_starts=off external_start_timing=off external_start_timing_source=disabled
SCAN scan=0 t=2026-01-01 00:00:00 det=11 trees=0 leaves=0 tentative=0 confirmed=0 clusters=0 comb_eval=0 comb_feas=0 rebuilt_globals=0 split_clusters=0 split_ops=0 hist_relax_attempts=0 hist_relax_ok=0 hist_relax_keys=0 nscan boundary=-6 in_scope=0 committed_now=0 committed_total=0 disagree=0 births cand=11 tracks_created=0 tracks_kept=0 MAP tracks=0 published=0 unpublished=0 used=0 unused=11 hit_rate=0.00
SCAN scan=1 t=2026-01-01 00:00:02 det=10 trees=0 leaves=0 tentative=0 confirmed=0 clusters=0 comb_eval=0 comb_feas=0 rebuilt_globals=0 split_clusters=0 split_ops=0 hist_relax_attempts=0 hist_relax_ok=0 hist_relax_keys=0 nscan boundary=-5 in_scope=0 committed_now=0 committed_total=0 disagree=0 births cand=10 tracks_created=0 tracks_kept=0 MAP tracks=0 published=0 unpublished=0 used=0 unused=10 hit_rate=0.00
SCAN scan=2 t=2026-01-01 00:00:04 det=12 trees=2 leaves=2 tentative=2 confirmed=0 clusters=2 comb_eval=2 comb_feas=2 rebuilt_globals=2 split_clusters=0 split_ops=0 hist_relax_attempts=0 hist_relax_ok=0 hist_relax_keys=0 nscan boundary=-4 in_scope=0 committed_now=0 committed_total=0 disagree=0 births cand=12 tracks_created=6 tracks_kept=2 MAP tracks=2 published=0 unpublished=2 used=2 unused=10 hit_rate=1.00
SCAN scan=3 t=2026-01-01 00:00:06 det=21 trees=2 leaves=4 tentative=1 confirmed=1 clusters=2 comb_eval=4 comb_feas=4 rebuilt_globals=4 split_clusters=0 split_ops=0 hist_relax_attempts=0 hist_relax_ok=0 hist_relax_keys=0 nscan boundary=-3 in_scope=0 committed_now=0 committed_total=0 disagree=0 births cand=19 tracks_created=0 tracks_kept=0 MAP tracks=2 published=1 unpublished=1 used=1 unused=20 hit_rate=0.75
SCAN scan=4 t=2026-01-01 00:00:08 det=11 trees=3 leaves=9 tentative=2 confirmed=1 clusters=2 comb_eval=19 comb_feas=12 rebuilt_globals=11 split_clusters=0 split_ops=0 hist_relax_attempts=0 hist_relax_ok=0 hist_relax_keys=0 nscan boundary=-2 in_scope=0 committed_now=0 committed_total=0 disagree=0 births cand=8 tracks_created=2 tracks_kept=1 MAP tracks=3 published=1 unpublished=2 used=3 unused=8 hit_rate=0.89
SCAN scan=5 t=2026-01-01 00:00:10 det=7 trees=3 leaves=15 tentative=1 confirmed=2 clusters=3 comb_eval=16 comb_feas=15 rebuilt_globals=15 split_clusters=0 split_ops=0 hist_relax_attempts=0 hist_relax_ok=0 hist_relax_keys=0 nscan boundary=-1 in_scope=0 committed_now=0 committed_total=0 disagree=0 births cand=4 tracks_created=2 tracks_kept=0 MAP tracks=3 published=2 unpublished=1 used=2 unused=5 hit_rate=0.75
TRACK_LIFECYCLE mode=map_leaf score_threshold=-4.59512 miss_threshold=7 terminated=[2] reasons=score:[2]
SCAN scan=6 t=2026-01-01 00:00:12 det=7 trees=2 leaves=16 tentative=0 confirmed=2 clusters=3 comb_eval=18 comb_feas=17 rebuilt_globals=17 split_clusters=0 split_ops=0 hist_relax_attempts=0 hist_relax_ok=0 hist_relax_keys=0 nscan boundary=0 in_scope=0 committed_now=0 committed_total=0 disagree=0 births cand=4 tracks_created=0 tracks_kept=0 MAP tracks=2 published=2 unpublished=0 used=2 unused=5 hit_rate=0.80
SCAN scan=7 t=2026-01-01 00:00:14 det=10 trees=4 leaves=20 tentative=2 confirmed=2 clusters=4 comb_eval=21 comb_feas=20 rebuilt_globals=20 split_clusters=0 split_ops=0 hist_relax_attempts=0 hist_relax_ok=0 hist_relax_keys=0 nscan boundary=1 in_scope=0 committed_now=0 committed_total=0 disagree=0 births cand=7 tracks_created=5 tracks_kept=2 MAP tracks=4 published=2 unpublished=2 used=4 unused=6 hit_rate=0.92
SCAN scan=8 t=2026-01-01 00:00:16 det=15 trees=6 leaves=22 tentative=2 confirmed=4 clusters=4 comb_eval=205 comb_feas=34 rebuilt_globals=20 split_clusters=0 split_ops=0 hist_relax_attempts=0 hist_relax_ok=0 hist_relax_keys=0 nscan boundary=2 in_scope=0 committed_now=0 committed_total=0 disagree=0 births cand=12 tracks_created=4 tracks_kept=2 MAP tracks=6 published=4 unpublished=2 used=5 unused=10 hit_rate=0.93
SCAN scan=9 t=2026-01-01 00:00:18 det=9 trees=7 leaves=22 tentative=2 confirmed=5 clusters=3 comb_eval=1286 comb_feas=46 rebuilt_globals=19 split_clusters=0 split_ops=0 hist_relax_attempts=0 hist_relax_ok=0 hist_relax_keys=0 nscan boundary=3 in_scope=2 committed_now=2 committed_total=2 disagree=0 births cand=6 tracks_created=1 tracks_kept=1 MAP tracks=7 published=5 unpublished=2 used=4 unused=5 hit_rate=0.81
SCAN_NSCAN_COMMITTED scan=9 t=2026-01-01 00:00:18 boundary=3 0->node2@s3, 1->node3@s3
TRACK_LIFECYCLE mode=map_leaf score_threshold=-4.59512 miss_threshold=7 terminated=[0] reasons=score:[0]
SCAN scan=10 t=2026-01-01 00:00:20 det=12 trees=8 leaves=17 tentative=3 confirmed=5 clusters=4 comb_eval=804 comb_feas=36 rebuilt_globals=20 split_clusters=0 split_ops=0 hist_relax_attempts=0 hist_relax_ok=0 hist_relax_keys=0 nscan boundary=4 in_scope=2 committed_now=2 committed_total=2 disagree=3 births cand=8 tracks_created=3 tracks_kept=2 MAP tracks=8 published=5 unpublished=3 used=5 unused=7 hit_rate=0.81
SCAN_NSCAN_COMMITTED scan=10 t=2026-01-01 00:00:20 boundary=4 0->node7@s4, 1->node8@s4
TRACK_LIFECYCLE mode=map_leaf score_threshold=-4.59512 miss_threshold=7 terminated=[5] reasons=score:[5]
SCAN scan=11 t=2026-01-01 00:00:22 det=10 trees=9 leaves=17 tentative=3 confirmed=6 clusters=4 comb_eval=4281 comb_feas=37 rebuilt_globals=13 split_clusters=0 split_ops=0 hist_relax_attempts=0 hist_relax_ok=0 hist_relax_keys=0 nscan boundary=5 in_scope=1 committed_now=1 committed_total=2 disagree=0 births cand=7 tracks_created=4 tracks_kept=2 MAP tracks=9 published=6 unpublished=3 used=5 unused=5 hit_rate=0.76
SCAN_NSCAN_COMMITTED scan=11 t=2026-01-01 00:00:22 boundary=5 1->node21@s5
TRACK_LIFECYCLE mode=map_leaf score_threshold=-4.59512 miss_threshold=7 terminated=[3, 9] reasons=score:[3, 9]
SCAN scan=12 t=2026-01-01 00:00:24 det=14 trees=7 leaves=17 tentative=2 confirmed=5 clusters=4 comb_eval=1925 comb_feas=32 rebuilt_globals=13 split_clusters=0 split_ops=0 hist_relax_attempts=0 hist_relax_ok=0 hist_relax_keys=0 nscan boundary=6 in_scope=1 committed_now=1 committed_total=2 disagree=0 births cand=11 tracks_created=0 tracks_kept=0 MAP tracks=7 published=5 unpublished=2 used=3 unused=11 hit_rate=0.70
SCAN_NSCAN_COMMITTED scan=12 t=2026-01-01 00:00:24 boundary=6 1->node42@s6
TRACK_LIFECYCLE mode=map_leaf score_threshold=-4.59512 miss_threshold=7 terminated=[10, 11] reasons=score:[10, 11]
SCAN scan=13 t=2026-01-01 00:00:26 det=13 trees=7 leaves=19 tentative=2 confirmed=5 clusters=5 comb_eval=442 comb_feas=30 rebuilt_globals=14 split_clusters=0 split_ops=0 hist_relax_attempts=0 hist_relax_ok=0 hist_relax_keys=0 nscan boundary=7 in_scope=1 committed_now=1 committed_total=2 disagree=0 births cand=10 tracks_created=3 tracks_kept=2 MAP tracks=7 published=5 unpublished=2 used=5 unused=8 hit_rate=0.83
SCAN_NSCAN_COMMITTED scan=13 t=2026-01-01 00:00:26 boundary=7 1->node69@s7
SCAN scan=14 t=2026-01-01 00:00:28 det=14 trees=9 leaves=24 tentative=3 confirmed=6 clusters=5 comb_eval=1996 comb_feas=32 rebuilt_globals=14 split_clusters=0 split_ops=0 hist_relax_attempts=0 hist_relax_ok=0 hist_relax_keys=0 nscan boundary=8 in_scope=2 committed_now=2 committed_total=3 disagree=0 births cand=11 tracks_created=2 tracks_kept=2 MAP tracks=9 published=6 unpublished=3 used=5 unused=9 hit_rate=0.73
SCAN_NSCAN_COMMITTED scan=14 t=2026-01-01 00:00:28 boundary=8 1->node99@s8, 4->node123@s8
TRACK_LIFECYCLE mode=map_leaf score_threshold=-4.59512 miss_threshold=7 terminated=[4, 13] reasons=score:[4, 13]
SCAN scan=15 t=2026-01-01 00:00:30 det=7 trees=9 leaves=22 tentative=3 confirmed=6 clusters=6 comb_eval=5245 comb_feas=43 rebuilt_globals=15 split_clusters=0 split_ops=0 hist_relax_attempts=0 hist_relax_ok=0 hist_relax_keys=0 nscan boundary=9 in_scope=3 committed_now=3 committed_total=4 disagree=0 births cand=4 tracks_created=2 tracks_kept=2 MAP tracks=9 published=6 unpublished=3 used=5 unused=2 hit_rate=0.71
SCAN_NSCAN_COMMITTED scan=15 t=2026-01-01 00:00:30 boundary=9 1->node136@s9, 4->node164@s9, 6->node173@s9
TRACK_LIFECYCLE mode=map_leaf score_threshold=-4.59512 miss_threshold=7 terminated=[8, 12, 15] reasons=score:[8, 12, 15]
SCAN scan=16 t=2026-01-01 00:00:32 det=9 trees=8 leaves=19 tentative=3 confirmed=5 clusters=5 comb_eval=5222 comb_feas=50 rebuilt_globals=14 split_clusters=0 split_ops=0 hist_relax_attempts=0 hist_relax_ok=0 hist_relax_keys=0 nscan boundary=10 in_scope=3 committed_now=3 committed_total=5 disagree=0 births cand=6 tracks_created=3 tracks_kept=2 MAP tracks=8 published=5 unpublished=3 used=5 unused=4 hit_rate=0.78
SCAN_NSCAN_COMMITTED scan=16 t=2026-01-01 00:00:32 boundary=10 1->node186@s10, 6->node218@s10, 7->node225@s10
TRACK_LIFECYCLE mode=map_leaf score_threshold=-4.59512 miss_threshold=7 terminated=[14, 17] reasons=score:[14, 17]
SCAN scan=17 t=2026-01-01 00:00:34 det=11 trees=7 leaves=20 tentative=1 confirmed=6 clusters=4 comb_eval=468 comb_feas=42 rebuilt_globals=17 split_clusters=0 split_ops=0 hist_relax_attempts=0 hist_relax_ok=0 hist_relax_keys=0 nscan boundary=11 in_scope=3 committed_now=3 committed_total=5 disagree=1 births cand=7 tracks_created=1 tracks_kept=1 MAP tracks=7 published=6 unpublished=1 used=4 unused=7 hit_rate=0.84
SCAN_NSCAN_COMMITTED scan=17 t=2026-01-01 00:00:34 boundary=11 1->node231@s11, 6->node259@s11, 7->node269@s11
SCAN scan=18 t=2026-01-01 00:00:36 det=8 trees=9 leaves=16 tentative=3 confirmed=6 clusters=3 comb_eval=1012 comb_feas=27 rebuilt_globals=12 split_clusters=0 split_ops=0 hist_relax_attempts=0 hist_relax_ok=0 hist_relax_keys=0 nscan boundary=12 in_scope=3 committed_now=3 committed_total=5 disagree=0 births cand=4 tracks_created=2 tracks_kept=2 MAP tracks=9 published=6 unpublished=3 used=6 unused=2 hit_rate=0.84
SCAN_NSCAN_COMMITTED scan=18 t=2026-01-01 00:00:36 boundary=12 1->node280@s12, 6->node299@s12, 7->node304@s12
TRACK_LIFECYCLE mode=map_leaf score_threshold=-4.59512 miss_threshold=7 terminated=[20] reasons=score:[20]
SCAN scan=19 t=2026-01-01 00:00:38 det=16 trees=9 leaves=19 tentative=1 confirmed=8 clusters=2 comb_eval=348 comb_feas=24 rebuilt_globals=11 split_clusters=0 split_ops=0 hist_relax_attempts=0 hist_relax_ok=0 hist_relax_keys=0 nscan boundary=13 in_scope=3 committed_now=3 committed_total=5 disagree=0 births cand=13 tracks_created=1 tracks_kept=1 MAP tracks=9 published=8 unpublished=1 used=4 unused=12 hit_rate=0.73
SCAN_NSCAN_COMMITTED scan=19 t=2026-01-01 00:00:38 boundary=13 1->node327@s13, 6->node330@s13, 7->node338@s13
TRACK_LIFECYCLE mode=map_leaf score_threshold=-4.59512 miss_threshold=7 terminated=[19] reasons=score:[19]
SCAN scan=20 t=2026-01-01 00:00:40 det=19 trees=10 leaves=20 tentative=3 confirmed=7 clusters=5 comb_eval=999 comb_feas=40 rebuilt_globals=14 split_clusters=0 split_ops=0 hist_relax_attempts=0 hist_relax_ok=0 hist_relax_keys=0 nscan boundary=14 in_scope=3 committed_now=3 committed_total=5 disagree=0 births cand=16 tracks_created=8 tracks_kept=2 MAP tracks=10 published=7 unpublished=3 used=5 unused=14 hit_rate=0.74
SCAN_NSCAN_COMMITTED scan=20 t=2026-01-01 00:00:40 boundary=14 1->node365@s14, 6->node368@s14, 7->node380@s14
TRACK_LIFECYCLE mode=map_leaf score_threshold=-4.59512 miss_threshold=7 terminated=[18, 22, 23] reasons=score:[18, 22, 23]
SCAN scan=21 t=2026-01-01 00:00:42 det=9 trees=9 leaves=17 tentative=4 confirmed=5 clusters=6 comb_eval=4383 comb_feas=52 rebuilt_globals=15 split_clusters=0 split_ops=0 hist_relax_attempts=0 hist_relax_ok=0 hist_relax_keys=0 nscan boundary=15 in_scope=3 committed_now=3 committed_total=5 disagree=0 births cand=6 tracks_created=2 tracks_kept=2 MAP tracks=9 published=5 unpublished=4 used=5 unused=4 hit_rate=0.77
SCAN_NSCAN_COMMITTED scan=21 t=2026-01-01 00:00:42 boundary=15 1->node401@s15, 6->node406@s15, 7->node416@s15
SCAN scan=22 t=2026-01-01 00:00:44 det=10 trees=10 leaves=20 tentative=5 confirmed=5 clusters=7 comb_eval=198 comb_feas=30 rebuilt_globals=18 split_clusters=0 split_ops=0 hist_relax_attempts=0 hist_relax_ok=0 hist_relax_keys=0 nscan boundary=16 in_scope=4 committed_now=4 committed_total=6 disagree=0 births cand=7 tracks_created=1 tracks_kept=1 MAP tracks=10 published=5 unpublished=5 used=4 unused=6 hit_rate=0.67
SCAN_NSCAN_COMMITTED scan=22 t=2026-01-01 00:00:44 boundary=16 1->node452@s16, 6->node454@s16, 7->node464@s16, 16->node493@s16
TRACK_LIFECYCLE mode=map_leaf score_threshold=-4.59512 miss_threshold=7 terminated=[7, 24, 25, 26, 27] reasons=score:[24, 25, 26, 27];miss:[7]
SCAN scan=23 t=2026-01-01 00:00:46 det=12 trees=5 leaves=12 tentative=0 confirmed=5 clusters=4 comb_eval=3692 comb_feas=54 rebuilt_globals=13 split_clusters=0 split_ops=0 hist_relax_attempts=0 hist_relax_ok=0 hist_relax_keys=0 nscan boundary=17 in_scope=4 committed_now=4 committed_total=6 disagree=0 births cand=9 tracks_created=0 tracks_kept=0 MAP tracks=5 published=5 unpublished=0 used=3 unused=9 hit_rate=0.73
SCAN_NSCAN_COMMITTED scan=23 t=2026-01-01 00:00:46 boundary=17 1->node497@s17, 6->node501@s17, 7->node506@s17, 16->node518@s17
TRACK_LIFECYCLE mode=map_leaf score_threshold=-4.59512 miss_threshold=7 terminated=[16] reasons=score:[16]
SCAN scan=24 t=2026-01-01 00:00:48 det=13 trees=6 leaves=16 tentative=2 confirmed=4 clusters=4 comb_eval=55 comb_feas=19 rebuilt_globals=16 split_clusters=0 split_ops=0 hist_relax_attempts=0 hist_relax_ok=0 hist_relax_keys=0 nscan boundary=18 in_scope=3 committed_now=3 committed_total=6 disagree=0 births cand=12 tracks_created=4 tracks_kept=2 MAP tracks=6 published=4 unpublished=2 used=3 unused=10 hit_rate=0.83
SCAN_NSCAN_COMMITTED scan=24 t=2026-01-01 00:00:48 boundary=18 1->node529@s18, 6->node533@s18, 16->node546@s18
SCAN scan=25 t=2026-01-01 00:00:50 det=9 trees=8 leaves=20 tentative=2 confirmed=6 clusters=4 comb_eval=883 comb_feas=44 rebuilt_globals=15 split_clusters=0 split_ops=0 hist_relax_attempts=0 hist_relax_ok=0 hist_relax_keys=0 nscan boundary=19 in_scope=3 committed_now=3 committed_total=7 disagree=1 births cand=6 tracks_created=2 tracks_kept=2 MAP tracks=8 published=6 unpublished=2 used=5 unused=4 hit_rate=0.78
SCAN_NSCAN_COMMITTED scan=25 t=2026-01-01 00:00:50 boundary=19 1->node569@s19, 6->node571@s19, 21->node590@s19
SCAN scan=26 t=2026-01-01 00:00:52 det=16 trees=9 leaves=22 tentative=1 confirmed=8 clusters=3 comb_eval=7204 comb_feas=61 rebuilt_globals=13 split_clusters=0 split_ops=0 hist_relax_attempts=0 hist_relax_ok=0 hist_relax_keys=0 nscan boundary=20 in_scope=3 committed_now=3 committed_total=7 disagree=0 births cand=13 tracks_created=1 tracks_kept=1 MAP tracks=9 published=8 unpublished=1 used=4 unused=12 hit_rate=0.67
SCAN_NSCAN_COMMITTED scan=26 t=2026-01-01 00:00:52 boundary=20 1->node597@s20, 6->node599@s20, 21->node614@s20
TRACK_LIFECYCLE mode=map_leaf score_threshold=-4.59512 miss_threshold=7 terminated=[29] reasons=score:[29]
SCAN scan=27 t=2026-01-01 00:00:54 det=10 trees=10 leaves=19 tentative=3 confirmed=7 clusters=4 comb_eval=6192 comb_feas=42 rebuilt_globals=14 split_clusters=0 split_ops=0 hist_relax_attempts=0 hist_relax_ok=0 hist_relax_keys=0 nscan boundary=21 in_scope=3 committed_now=3 committed_total=7 disagree=1 births cand=7 tracks_created=3 tracks_kept=2 MAP tracks=10 published=7 unpublished=3 used=5 unused=5 hit_rate=0.68
SCAN_NSCAN_COMMITTED scan=27 t=2026-01-01 00:00:54 boundary=21 1->node629@s21, 6->node631@s21, 21->node643@s21
TRACK_LIFECYCLE mode=map_leaf score_threshold=-4.59512 miss_threshold=7 terminated=[28, 32] reasons=score:[28, 32]
SCAN scan=28 t=2026-01-01 00:00:56 det=10 trees=8 leaves=20 tentative=3 confirmed=5 clusters=4 comb_eval=288 comb_feas=40 rebuilt_globals=22 split_clusters=0 split_ops=0 hist_relax_attempts=0 hist_relax_ok=0 hist_relax_keys=0 nscan boundary=22 in_scope=3 committed_now=3 committed_total=7 disagree=0 births cand=6 tracks_created=0 tracks_kept=0 MAP tracks=8 published=5 unpublished=3 used=3 unused=7 hit_rate=0.63
SCAN_NSCAN_COMMITTED scan=28 t=2026-01-01 00:00:56 boundary=22 1->node669@s22, 6->node671@s22, 21->node676@s22
TRACK_LIFECYCLE mode=map_leaf score_threshold=-4.59512 miss_threshold=7 terminated=[34, 35] reasons=score:[34, 35]
SCAN scan=29 t=2026-01-01 00:00:58 det=9 trees=8 leaves=23 tentative=2 confirmed=6 clusters=6 comb_eval=256 comb_feas=37 rebuilt_globals=22 split_clusters=0 split_ops=0 hist_relax_attempts=0 hist_relax_ok=0 hist_relax_keys=0 nscan boundary=23 in_scope=3 committed_now=3 committed_total=7 disagree=0 births cand=6 tracks_created=2 tracks_kept=2 MAP tracks=8 published=6 unpublished=2 used=5 unused=4 hit_rate=0.73
SCAN_NSCAN_COMMITTED scan=29 t=2026-01-01 00:00:58 boundary=23 1->node697@s23, 6->node701@s23, 21->node708@s23
TRACK_LIFECYCLE mode=map_leaf score_threshold=-4.59512 miss_threshold=7 terminated=[21, 30, 33] reasons=score:[30, 33];miss:[21]
SCAN scan=30 t=2026-01-01 00:01:00 det=11 trees=7 leaves=12 tentative=2 confirmed=5 clusters=4 comb_eval=2424 comb_feas=80 rebuilt_globals=13 split_clusters=0 split_ops=0 hist_relax_attempts=0 hist_relax_ok=0 hist_relax_keys=0 nscan boundary=24 in_scope=3 committed_now=3 committed_total=7 disagree=0 births cand=7 tracks_created=4 tracks_kept=2 MAP tracks=7 published=5 unpublished=2 used=5 unused=6 hit_rate=0.86
SCAN_NSCAN_COMMITTED scan=30 t=2026-01-01 00:01:00 boundary=24 1->node734@s24, 6->node738@s24, 21->node742@s24
SCAN scan=31 t=2026-01-01 00:01:02 det=11 trees=9 leaves=17 tentative=3 confirmed=6 clusters=3 comb_eval=708 comb_feas=22 rebuilt_globals=12 split_clusters=0 split_ops=0 hist_relax_attempts=0 hist_relax_ok=0 hist_relax_keys=0 nscan boundary=25 in_scope=2 committed_now=2 committed_total=7 disagree=0 births cand=8 tracks_created=2 tracks_kept=2 MAP tracks=9 published=6 unpublished=3 used=5 unused=6 hit_rate=0.73
SCAN_NSCAN_COMMITTED scan=31 t=2026-01-01 00:01:02 boundary=25 1->node752@s25, 6->node760@s25
TRACK_LIFECYCLE mode=map_leaf score_threshold=-4.59512 miss_threshold=7 terminated=[37, 39] reasons=score:[37, 39]
SCAN scan=32 t=2026-01-01 00:01:04 det=15 trees=8 leaves=17 tentative=2 confirmed=6 clusters=2 comb_eval=3647 comb_feas=20 rebuilt_globals=11 split_clusters=0 split_ops=0 hist_relax_attempts=0 hist_relax_ok=0 hist_relax_keys=0 nscan boundary=26 in_scope=3 committed_now=3 committed_total=8 disagree=0 births cand=12 tracks_created=1 tracks_kept=1 MAP tracks=8 published=6 unpublished=2 used=4 unused=11 hit_rate=0.69
SCAN_NSCAN_COMMITTED scan=32 t=2026-01-01 00:01:04 boundary=26 1->node783@s26, 6->node791@s26, 31->node826@s26
TRACK_LIFECYCLE mode=map_leaf score_threshold=-4.59512 miss_threshold=7 terminated=[38] reasons=score:[38]
SCAN scan=33 t=2026-01-01 00:01:06 det=17 trees=9 leaves=14 tentative=4 confirmed=5 clusters=4 comb_eval=2145 comb_feas=28 rebuilt_globals=13 split_clusters=0 split_ops=0 hist_relax_attempts=0 hist_relax_ok=0 hist_relax_keys=0 nscan boundary=27 in_scope=3 committed_now=3 committed_total=8 disagree=7 births cand=13 tracks_created=2 tracks_kept=2 MAP tracks=9 published=5 unpublished=4 used=5 unused=12 hit_rate=0.74
SCAN_NSCAN_COMMITTED scan=33 t=2026-01-01 00:01:06 boundary=27 1->node832@s27, 6->node840@s27, 31->node871@s27
TRACK_LIFECYCLE mode=map_leaf score_threshold=-4.59512 miss_threshold=7 terminated=[40] reasons=score:[40]
SCAN scan=34 t=2026-01-01 00:01:08 det=12 trees=10 leaves=20 tentative=5 confirmed=5 clusters=4 comb_eval=798 comb_feas=20 rebuilt_globals=13 split_clusters=0 split_ops=0 hist_relax_attempts=0 hist_relax_ok=0 hist_relax_keys=0 nscan boundary=28 in_scope=3 committed_now=3 committed_total=8 disagree=0 births cand=9 tracks_created=2 tracks_kept=2 MAP tracks=10 published=5 unpublished=5 used=5 unused=7 hit_rate=0.70
SCAN_NSCAN_COMMITTED scan=34 t=2026-01-01 00:01:08 boundary=28 1->node880@s28, 6->node888@s28, 31->node902@s28
TRACK_LIFECYCLE mode=map_leaf score_threshold=-4.59512 miss_threshold=7 terminated=[31, 36] reasons=score:[31, 36]
SCAN scan=35 t=2026-01-01 00:01:10 det=8 trees=9 leaves=16 tentative=6 confirmed=3 clusters=4 comb_eval=930 comb_feas=36 rebuilt_globals=13 split_clusters=0 split_ops=0 hist_relax_attempts=0 hist_relax_ok=0 hist_relax_keys=0 nscan boundary=29 in_scope=3 committed_now=3 committed_total=8 disagree=0 births cand=5 tracks_created=1 tracks_kept=1 MAP tracks=9 published=3 unpublished=6 used=4 unused=4 hit_rate=0.66
SCAN_NSCAN_COMMITTED scan=35 t=2026-01-01 00:01:10 boundary=29 1->node915@s29, 6->node929@s29, 31->node940@s29
TRACK_LIFECYCLE mode=map_leaf score_threshold=-4.59512 miss_threshold=7 terminated=[42, 43] reasons=score:[42, 43]
SCAN scan=36 t=2026-01-01 00:01:12 det=9 trees=7 leaves=16 tentative=2 confirmed=5 clusters=1 comb_eval=2208 comb_feas=47 rebuilt_globals=10 split_clusters=0 split_ops=0 hist_relax_attempts=0 hist_relax_ok=0 hist_relax_keys=0 nscan boundary=30 in_scope=2 committed_now=2 committed_total=8 disagree=0 births cand=6 tracks_created=0 tracks_kept=0 MAP tracks=7 published=5 unpublished=2 used=3 unused=6 hit_rate=0.64
SCAN_NSCAN_COMMITTED scan=36 t=2026-01-01 00:01:12 boundary=30 1->node955@s30, 6->node963@s30
TRACK_LIFECYCLE mode=map_leaf score_threshold=-4.59512 miss_threshold=7 terminated=[45] reasons=score:[45]
SCAN scan=37 t=2026-01-01 00:01:14 det=17 trees=8 leaves=19 tentative=3 confirmed=5 clusters=4 comb_eval=1007 comb_feas=33 rebuilt_globals=14 split_clusters=0 split_ops=0 hist_relax_attempts=0 hist_relax_ok=0 hist_relax_keys=0 nscan boundary=31 in_scope=2 committed_now=2 committed_total=8 disagree=0 births cand=14 tracks_created=5 tracks_kept=2 MAP tracks=8 published=5 unpublished=3 used=5 unused=12 hit_rate=0.73
SCAN_NSCAN_COMMITTED scan=37 t=2026-01-01 00:01:14 boundary=31 1->node1004@s31, 6->node1006@s31
TRACK_LIFECYCLE mode=map_leaf score_threshold=-4.59512 miss_threshold=7 terminated=[46, 47] reasons=score:[46, 47]
SCAN scan=38 t=2026-01-01 00:01:16 det=13 trees=8 leaves=16 tentative=3 confirmed=5 clusters=5 comb_eval=1787 comb_feas=42 rebuilt_globals=15 split_clusters=0 split_ops=0 hist_relax_attempts=0 hist_relax_ok=0 hist_relax_keys=0 nscan boundary=32 in_scope=3 committed_now=3 committed_total=9 disagree=0 births cand=10 tracks_created=3 tracks_kept=2 MAP tracks=8 published=5 unpublished=3 used=5 unused=8 hit_rate=0.78
SCAN_NSCAN_COMMITTED scan=38 t=2026-01-01 00:01:16 boundary=32 1->node1035@s32, 6->node1037@s32, 41->node1071@s32
TRACK_LIFECYCLE mode=map_leaf score_threshold=-4.59512 miss_threshold=7 terminated=[41, 48] reasons=score:[41, 48]
SCAN scan=39 t=2026-01-01 00:01:18 det=12 trees=8 leaves=26 tentative=3 confirmed=5 clusters=7 comb_eval=427 comb_feas=33 rebuilt_globals=20 split_clusters=0 split_ops=0 hist_relax_attempts=0 hist_relax_ok=0 hist_relax_keys=0 nscan boundary=33 in_scope=3 committed_now=3 committed_total=9 disagree=0 births cand=8 tracks_created=3 tracks_kept=2 MAP tracks=8 published=5 unpublished=3 used=6 unused=6 hit_rate=0.82
SCAN_NSCAN_COMMITTED scan=39 t=2026-01-01 00:01:18 boundary=33 1->node1074@s33, 6->node1076@s33, 41->node1104@s33
TRACK_LIFECYCLE mode=map_leaf score_threshold=-4.59512 miss_threshold=7 terminated=[49, 50] reasons=score:[49, 50]
SCAN scan=40 t=2026-01-01 00:01:20 det=13 trees=8 leaves=15 tentative=3 confirmed=5 clusters=5 comb_eval=3303 comb_feas=50 rebuilt_globals=14 split_clusters=0 split_ops=0 hist_relax_attempts=0 hist_relax_ok=0 hist_relax_keys=0 nscan boundary=34 in_scope=3 committed_now=3 committed_total=10 disagree=0 births cand=10 tracks_created=3 tracks_kept=2 MAP tracks=8 published=5 unpublished=3 used=5 unused=8 hit_rate=0.80
SCAN_NSCAN_COMMITTED scan=40 t=2026-01-01 00:01:20 boundary=34 1->node1111@s34, 6->node1113@s34, 44->node1140@s34
TRACK_LIFECYCLE mode=map_leaf score_threshold=-4.59512 miss_threshold=7 terminated=[52] reasons=score:[52]
SCAN scan=41 t=2026-01-01 00:01:22 det=5 trees=7 leaves=19 tentative=2 confirmed=5 clusters=4 comb_eval=166 comb_feas=23 rebuilt_globals=13 split_clusters=0 split_ops=0 hist_relax_attempts=0 hist_relax_ok=0 hist_relax_keys=0 nscan boundary=35 in_scope=3 committed_now=3 committed_total=10 disagree=0 births cand=2 tracks_created=0 tracks_kept=0 MAP tracks=7 published=5 unpublished=2 used=3 unused=2 hit_rate=0.68
SCAN_NSCAN_COMMITTED scan=41 t=2026-01-01 00:01:22 boundary=35 1->node1143@s35, 6->node1145@s35, 44->node1168@s35
TRACK_LIFECYCLE mode=map_leaf score_threshold=-4.59512 miss_threshold=7 terminated=[54, 55] reasons=score:[54, 55]
SCAN scan=42 t=2026-01-01 00:01:24 det=13 trees=6 leaves=22 tentative=1 confirmed=5 clusters=4 comb_eval=682 comb_feas=26 rebuilt_globals=13 split_clusters=0 split_ops=0 hist_relax_attempts=0 hist_relax_ok=0 hist_relax_keys=0 nscan boundary=36 in_scope=3 committed_now=3 committed_total=10 disagree=0 births cand=10 tracks_created=1 tracks_kept=1 MAP tracks=6 published=5 unpublished=1 used=4 unused=9 hit_rate=0.76
SCAN_NSCAN_COMMITTED scan=42 t=2026-01-01 00:01:24 boundary=36 1->node1174@s36, 6->node1176@s36, 44->node1191@s36
TRACK_LIFECYCLE mode=map_leaf score_threshold=-4.59512 miss_threshold=7 terminated=[53] reasons=score:[53]
SCAN scan=43 t=2026-01-01 00:01:26 det=14 trees=7 leaves=16 tentative=3 confirmed=4 clusters=4 comb_eval=890 comb_feas=32 rebuilt_globals=13 split_clusters=0 split_ops=0 hist_relax_attempts=0 hist_relax_ok=0 hist_relax_keys=0 nscan boundary=37 in_scope=3 committed_now=3 committed_total=10 disagree=0 births cand=11 tracks_created=5 tracks_kept=2 MAP tracks=7 published=4 unpublished=3 used=5 unused=9 hit_rate=0.82
SCAN_NSCAN_COMMITTED scan=43 t=2026-01-01 00:01:26 boundary=37 1->node1205@s37, 6->node1209@s37, 44->node1217@s37
TRACK_LIFECYCLE mode=map_leaf score_threshold=-4.59512 miss_threshold=7 terminated=[51, 56] reasons=score:[51, 56]
SCAN scan=44 t=2026-01-01 00:01:28 det=15 trees=7 leaves=17 tentative=3 confirmed=4 clusters=5 comb_eval=627 comb_feas=61 rebuilt_globals=14 split_clusters=0 split_ops=0 hist_relax_attempts=0 hist_relax_ok=0 hist_relax_keys=0 nscan boundary=38 in_scope=3 committed_now=3 committed_total=10 disagree=0 births cand=12 tracks_created=5 tracks_kept=2 MAP tracks=7 published=4 unpublished=3 used=5 unused=10 hit_rate=0.82
SCAN_NSCAN_COMMITTED scan=44 t=2026-01-01 00:01:28 boundary=38 1->node1238@s38, 6->node1242@s38, 44->node1248@s38
TRACK_LIFECYCLE mode=map_leaf score_threshold=-4.59512 miss_threshold=7 terminated=[57] reasons=score:[57]
SCAN scan=45 t=2026-01-01 00:01:30 det=10 trees=8 leaves=22 tentative=4 confirmed=4 clusters=4 comb_eval=1556 comb_feas=41 rebuilt_globals=13 split_clusters=0 split_ops=0 hist_relax_attempts=0 hist_relax_ok=0 hist_relax_keys=0 nscan boundary=39 in_scope=3 committed_now=3 committed_total=10 disagree=0 births cand=6 tracks_created=2 tracks_kept=2 MAP tracks=8 published=4 unpublished=4 used=5 unused=5 hit_rate=0.76
SCAN_NSCAN_COMMITTED scan=45 t=2026-01-01 00:01:30 boundary=39 1->node1275@s39, 6->node1279@s39, 44->node1287@s39
TRACK_LIFECYCLE mode=map_leaf score_threshold=-4.59512 miss_threshold=7 terminated=[60] reasons=score:[60]
SCAN scan=46 t=2026-01-01 00:01:32 det=16 trees=8 leaves=23 tentative=4 confirmed=4 clusters=4 comb_eval=1455 comb_feas=35 rebuilt_globals=13 split_clusters=0 split_ops=0 hist_relax_attempts=0 hist_relax_ok=0 hist_relax_keys=0 nscan boundary=40 in_scope=3 committed_now=3 committed_total=10 disagree=0 births cand=13 tracks_created=1 tracks_kept=1 MAP tracks=8 published=4 unpublished=4 used=4 unused=12 hit_rate=0.67
SCAN_NSCAN_COMMITTED scan=46 t=2026-01-01 00:01:32 boundary=40 1->node1312@s40, 6->node1320@s40, 44->node1326@s40
TRACK_LIFECYCLE mode=map_leaf score_threshold=-4.59512 miss_threshold=7 terminated=[58, 59, 61, 62] reasons=score:[58, 59, 61, 62]
SCAN scan=47 t=2026-01-01 00:01:34 det=17 trees=6 leaves=13 tentative=3 confirmed=3 clusters=6 comb_eval=1407 comb_feas=46 rebuilt_globals=15 split_clusters=0 split_ops=0 hist_relax_attempts=0 hist_relax_ok=0 hist_relax_keys=0 nscan boundary=41 in_scope=3 committed_now=3 committed_total=10 disagree=0 births cand=14 tracks_created=2 tracks_kept=2 MAP tracks=6 published=3 unpublished=3 used=5 unused=12 hit_rate=0.88
SCAN_NSCAN_COMMITTED scan=47 t=2026-01-01 00:01:34 boundary=41 1->node1372@s41, 6->node1374@s41, 44->node1380@s41
TRACK_LIFECYCLE mode=map_leaf score_threshold=-4.59512 miss_threshold=7 terminated=[63] reasons=score:[63]
SCAN scan=48 t=2026-01-01 00:01:36 det=13 trees=7 leaves=24 tentative=4 confirmed=3 clusters=8 comb_eval=25 comb_feas=25 rebuilt_globals=25 split_clusters=0 split_ops=0 hist_relax_attempts=0 hist_relax_ok=0 hist_relax_keys=0 nscan boundary=42 in_scope=3 committed_now=3 committed_total=10 disagree=0 births cand=10 tracks_created=3 tracks_kept=2 MAP tracks=7 published=3 unpublished=4 used=5 unused=8 hit_rate=0.83
SCAN_NSCAN_COMMITTED scan=48 t=2026-01-01 00:01:36 boundary=42 1->node1398@s42, 6->node1402@s42, 44->node1410@s42
TRACK_LIFECYCLE mode=map_leaf score_threshold=-4.59512 miss_threshold=7 terminated=[64, 65] reasons=score:[64, 65]
SCAN scan=49 t=2026-01-01 00:01:38 det=13 trees=7 leaves=17 tentative=3 confirmed=4 clusters=6 comb_eval=809 comb_feas=44 rebuilt_globals=15 split_clusters=0 split_ops=0 hist_relax_attempts=0 hist_relax_ok=0 hist_relax_keys=0 nscan boundary=43 in_scope=3 committed_now=3 committed_total=10 disagree=0 births cand=10 tracks_created=4 tracks_kept=2 MAP tracks=7 published=4 unpublished=3 used=5 unused=8 hit_rate=0.83
SCAN_NSCAN_COMMITTED scan=49 t=2026-01-01 00:01:38 boundary=43 1->node1440@s43, 6->node1444@s43, 44->node1452@s43
SUMMARY scans=50 det_total=598 det_mean=11.96
SUMMARY trees active med=8.0 max=10 tentative med=3.0 max=6 confirmed med=5.0 max=8 leaves med=17.0 max=26
SUMMARY clusters count med=4.0 max=8 comb_eval med=846.0 max=7204 comb_feas med=33.5 max=80 globals med=14.0 max=25 split_clusters med=0.0 max=0 split_ops med=0.0 max=0 hist_relax_attempts med=0.0 max=0 hist_relax_ok med=0.0 max=0 hist_relax_keys med=0.0 max=0
SUMMARY births candidates med=9.0 max=19 tracks_created med=2.0 mean=2.26 max=8 tracks_kept med=2.0 mean=1.40 max=2
SUMMARY nscan tracks_in_scope med=3.0 mean=2.26 committed_now med=3.0 mean=2.26 disagreement med=0.0 mean=0.26 max=7 latest_boundary=43 committed_tracks_total=10
SUMMARY map tracks med=8.0 mean=6.96 published med=5.0 mean=4.48 unpublished med=3.0 mean=2.48 used med=5.0 mean=4.10 unused med=8.0 mean=7.86 hit_rate mean=0.739 miss_hist={0: 205, 1: 79, 2: 34, 3: 15, 4: 8, 5: 5, 6: 2}
Animation display disabled via TOMHT_NO_SHOW.
