/Users/patrik/Git/stone-soup-tracking/venv/lib/python3.13/site-packages/stonesoup/functions/__init__.py:225: UserWarning: LinAlgError('Matrix is not positive definite')
  warnings.warn(repr(e))
[Scoring] nll: prob_detect=0.99, clutter_density=0.0001, log_hit_base=+9.200, log_miss=-4.605
OPERATING_MODE setup=bearing_range resolved=CUSTOM requested=CUSTOM scenario_start_time=2026-01-01 00:00:00 births=on external_starts=off external_start_timing=off external_start_timing_source=disabled
SCAN scan=0 t=2026-01-01 00:00:00 det=11 trees=0 leaves=0 tentative=0 confirmed=0 clusters=0 comb_eval=0 comb_feas=0 rebuilt_globals=0 split_clusters=0 split_ops=0 nscan boundary=-6 in_scope=0 committed_now=0 committed_total=0 disagree=0 births cand=11 tracks_created=0 tracks_kept=0 MAP tracks=0 published=0 unpublished=0 used=0 unused=11 hit_rate=0.00
SCAN_TIMING t=2026-01-01 00:00:00 wall_ms=2.475
SCAN_TIMING_PHASES t=2026-01-01 00:00:00 prep_ctx_ms=0.040 pre_expand_validate_ms=0.003 expand_ms=0.009 expand_hypothesise_calls=0 expand_hypothesise_ms=0.000 expand_update_calls=0 expand_update_ms=0.000 expand_other_ms=0.009 post_expand_prune_validate_ms=0.002 births_ms=2.381 cluster_build_solve_ms=0.008 post_solve_prune_ms=0.004 map_merge_ms=0.002 nscan_lifecycle_ms=0.021 cleanup_ms=0.001 other_ms=0.003
SCAN_MEMORY t=2026-01-01 00:00:00 nodes=0 maxrss_mb=121.2
SCAN scan=1 t=2026-01-01 00:00:02 det=10 trees=0 leaves=0 tentative=0 confirmed=0 clusters=0 comb_eval=0 comb_feas=0 rebuilt_globals=0 split_clusters=0 split_ops=0 nscan boundary=-5 in_scope=0 committed_now=0 committed_total=0 disagree=0 births cand=10 tracks_created=0 tracks_kept=0 MAP tracks=0 published=0 unpublished=0 used=0 unused=10 hit_rate=0.00
SCAN_TIMING t=2026-01-01 00:00:02 wall_ms=4.716
SCAN_TIMING_PHASES t=2026-01-01 00:00:02 prep_ctx_ms=0.027 pre_expand_validate_ms=0.002 expand_ms=0.004 expand_hypothesise_calls=0 expand_hypothesise_ms=0.000 expand_update_calls=0 expand_update_ms=0.000 expand_other_ms=0.004 post_expand_prune_validate_ms=0.002 births_ms=4.657 cluster_build_solve_ms=0.003 post_solve_prune_ms=0.003 map_merge_ms=0.001 nscan_lifecycle_ms=0.016 cleanup_ms=0.001 other_ms=0.002
SCAN_MEMORY t=2026-01-01 00:00:02 nodes=0 maxrss_mb=121.2
SCAN scan=2 t=2026-01-01 00:00:04 det=12 trees=2 leaves=2 tentative=2 confirmed=0 clusters=2 comb_eval=2 comb_feas=2 rebuilt_globals=2 split_clusters=0 split_ops=0 nscan boundary=-4 in_scope=0 committed_now=0 committed_total=0 disagree=0 births cand=12 tracks_created=6 tracks_kept=2 MAP tracks=2 published=0 unpublished=2 used=2 unused=10 hit_rate=1.00
SCAN_TIMING t=2026-01-01 00:00:04 wall_ms=7.192
SCAN_TIMING_PHASES t=2026-01-01 00:00:04 prep_ctx_ms=0.030 pre_expand_validate_ms=0.002 expand_ms=0.003 expand_hypothesise_calls=0 expand_hypothesise_ms=0.000 expand_update_calls=0 expand_update_ms=0.000 expand_other_ms=0.003 post_expand_prune_validate_ms=0.001 births_ms=7.022 cluster_build_solve_ms=0.097 post_solve_prune_ms=0.007 map_merge_ms=0.002 nscan_lifecycle_ms=0.021 cleanup_ms=0.004 other_ms=0.003
SCAN_MEMORY t=2026-01-01 00:00:04 nodes=2 maxrss_mb=121.2
SCAN scan=3 t=2026-01-01 00:00:06 det=21 trees=2 leaves=4 tentative=2 confirmed=0 clusters=2 comb_eval=4 comb_feas=4 rebuilt_globals=4 split_clusters=0 split_ops=0 nscan boundary=-3 in_scope=0 committed_now=0 committed_total=0 disagree=0 births cand=19 tracks_created=0 tracks_kept=0 MAP tracks=2 published=0 unpublished=2 used=0 unused=21 hit_rate=0.50
SCAN_TIMING t=2026-01-01 00:00:06 wall_ms=7.979
SCAN_TIMING_PHASES t=2026-01-01 00:00:06 prep_ctx_ms=0.048 pre_expand_validate_ms=0.002 expand_ms=0.958 expand_hypothesise_calls=2 expand_hypothesise_ms=0.821 expand_update_calls=2 expand_update_ms=0.052 expand_other_ms=0.085 post_expand_prune_validate_ms=0.003 births_ms=6.871 cluster_build_solve_ms=0.069 post_solve_prune_ms=0.005 map_merge_ms=0.001 nscan_lifecycle_ms=0.017 cleanup_ms=0.004 other_ms=0.002
SCAN_MEMORY t=2026-01-01 00:00:06 nodes=6 maxrss_mb=121.2
TRACK_LIFECYCLE mode=map_leaf score_threshold=-4.59512 miss_threshold=7 terminated=[0] reasons=score:[0]
SCAN scan=4 t=2026-01-01 00:00:08 det=11 trees=3 leaves=4 tentative=3 confirmed=0 clusters=3 comb_eval=22 comb_feas=15 rebuilt_globals=12 split_clusters=0 split_ops=0 nscan boundary=-2 in_scope=0 committed_now=0 committed_total=0 disagree=0 births cand=8 tracks_created=2 tracks_kept=2 MAP tracks=3 published=0 unpublished=3 used=3 unused=8 hit_rate=0.89
SCAN_TIMING t=2026-01-01 00:00:08 wall_ms=10.801
SCAN_TIMING_PHASES t=2026-01-01 00:00:08 prep_ctx_ms=0.028 pre_expand_validate_ms=0.002 expand_ms=1.785 expand_hypothesise_calls=4 expand_hypothesise_ms=1.474 expand_update_calls=7 expand_update_ms=0.169 expand_other_ms=0.142 post_expand_prune_validate_ms=0.002 births_ms=8.772 cluster_build_solve_ms=0.164 post_solve_prune_ms=0.008 map_merge_ms=0.001 nscan_lifecycle_ms=0.028 cleanup_ms=0.008 other_ms=0.002
SCAN_MEMORY t=2026-01-01 00:00:08 nodes=6 maxrss_mb=121.3
SCAN scan=5 t=2026-01-01 00:00:10 det=7 trees=5 leaves=10 tentative=4 confirmed=1 clusters=4 comb_eval=18 comb_feas=13 rebuilt_globals=13 split_clusters=0 split_ops=0 nscan boundary=-1 in_scope=0 committed_now=0 committed_total=0 disagree=0 births cand=5 tracks_created=2 tracks_kept=2 MAP tracks=5 published=1 unpublished=4 used=3 unused=4 hit_rate=0.75
SCAN_TIMING t=2026-01-01 00:00:10 wall_ms=9.887
SCAN_TIMING_PHASES t=2026-01-01 00:00:10 prep_ctx_ms=0.020 pre_expand_validate_ms=0.001 expand_ms=1.464 expand_hypothesise_calls=4 expand_hypothesise_ms=1.239 expand_update_calls=4 expand_update_ms=0.101 expand_other_ms=0.124 post_expand_prune_validate_ms=0.003 births_ms=8.211 cluster_build_solve_ms=0.141 post_solve_prune_ms=0.008 map_merge_ms=0.001 nscan_lifecycle_ms=0.029 cleanup_ms=0.006 other_ms=0.002
SCAN_MEMORY t=2026-01-01 00:00:10 nodes=16 maxrss_mb=121.7
TRACK_LIFECYCLE mode=map_leaf score_threshold=-4.59512 miss_threshold=7 terminated=[2, 3] reasons=score:[2, 3]
SCAN scan=6 t=2026-01-01 00:00:12 det=7 trees=5 leaves=12 tentative=4 confirmed=1 clusters=4 comb_eval=99 comb_feas=21 rebuilt_globals=13 split_clusters=0 split_ops=0 nscan boundary=0 in_scope=0 committed_now=0 committed_total=0 disagree=0 births cand=5 tracks_created=2 tracks_kept=2 MAP tracks=5 published=1 unpublished=4 used=3 unused=4 hit_rate=0.72
SCAN_TIMING t=2026-01-01 00:00:12 wall_ms=11.769
SCAN_TIMING_PHASES t=2026-01-01 00:00:12 prep_ctx_ms=0.025 pre_expand_validate_ms=0.002 expand_ms=3.532 expand_hypothesise_calls=10 expand_hypothesise_ms=2.959 expand_update_calls=12 expand_update_ms=0.287 expand_other_ms=0.286 post_expand_prune_validate_ms=0.003 births_ms=7.904 cluster_build_solve_ms=0.225 post_solve_prune_ms=0.010 map_merge_ms=0.001 nscan_lifecycle_ms=0.051 cleanup_ms=0.014 other_ms=0.002
SCAN_MEMORY t=2026-01-01 00:00:12 nodes=22 maxrss_mb=122.1
TRACK_LIFECYCLE mode=map_leaf score_threshold=-4.59512 miss_threshold=7 terminated=[4, 5] reasons=score:[4, 5]
SCAN scan=7 t=2026-01-01 00:00:14 det=10 trees=5 leaves=12 tentative=2 confirmed=3 clusters=3 comb_eval=287 comb_feas=30 rebuilt_globals=12 split_clusters=0 split_ops=0 nscan boundary=1 in_scope=0 committed_now=0 committed_total=0 disagree=0 births cand=6 tracks_created=4 tracks_kept=2 MAP tracks=5 published=3 unpublished=2 used=5 unused=5 hit_rate=0.93
SCAN_TIMING t=2026-01-01 00:00:14 wall_ms=11.636
SCAN_TIMING_PHASES t=2026-01-01 00:00:14 prep_ctx_ms=0.026 pre_expand_validate_ms=0.001 expand_ms=4.570 expand_hypothesise_calls=12 expand_hypothesise_ms=3.851 expand_update_calls=15 expand_update_ms=0.363 expand_other_ms=0.356 post_expand_prune_validate_ms=0.003 births_ms=6.706 cluster_build_solve_ms=0.243 post_solve_prune_ms=0.011 map_merge_ms=0.001 nscan_lifecycle_ms=0.055 cleanup_ms=0.017 other_ms=0.002
SCAN_MEMORY t=2026-01-01 00:00:14 nodes=22 maxrss_mb=122.5
SCAN scan=8 t=2026-01-01 00:00:16 det=15 trees=7 leaves=14 tentative=4 confirmed=3 clusters=3 comb_eval=57 comb_feas=13 rebuilt_globals=12 split_clusters=0 split_ops=0 nscan boundary=2 in_scope=0 committed_now=0 committed_total=0 disagree=0 births cand=12 tracks_created=3 tracks_kept=2 MAP tracks=7 published=3 unpublished=4 used=3 unused=12 hit_rate=0.75
SCAN_TIMING t=2026-01-01 00:00:16 wall_ms=11.174
SCAN_TIMING_PHASES t=2026-01-01 00:00:16 prep_ctx_ms=0.035 pre_expand_validate_ms=0.001 expand_ms=4.802 expand_hypothesise_calls=12 expand_hypothesise_ms=4.043 expand_update_calls=17 expand_update_ms=0.405 expand_other_ms=0.354 post_expand_prune_validate_ms=0.003 births_ms=6.051 cluster_build_solve_ms=0.211 post_solve_prune_ms=0.011 map_merge_ms=0.001 nscan_lifecycle_ms=0.038 cleanup_ms=0.018 other_ms=0.002
SCAN_MEMORY t=2026-01-01 00:00:16 nodes=28 maxrss_mb=122.9
TRACK_LIFECYCLE mode=map_leaf score_threshold=-4.59512 miss_threshold=7 terminated=[6, 8, 9] reasons=score:[6, 8, 9]
SCAN scan=9 t=2026-01-01 00:00:18 det=9 trees=5 leaves=8 tentative=2 confirmed=3 clusters=3 comb_eval=123 comb_feas=22 rebuilt_globals=12 split_clusters=0 split_ops=0 nscan boundary=3 in_scope=1 committed_now=1 committed_total=1 disagree=0 births cand=6 tracks_created=1 tracks_kept=1 MAP tracks=5 published=3 unpublished=2 used=4 unused=5 hit_rate=0.90
SCAN_TIMING t=2026-01-01 00:00:18 wall_ms=11.377
SCAN_TIMING_PHASES t=2026-01-01 00:00:18 prep_ctx_ms=0.024 pre_expand_validate_ms=0.002 expand_ms=5.724 expand_hypothesise_calls=14 expand_hypothesise_ms=4.587 expand_update_calls=24 expand_update_ms=0.682 expand_other_ms=0.456 post_expand_prune_validate_ms=0.003 births_ms=5.254 cluster_build_solve_ms=0.279 post_solve_prune_ms=0.013 map_merge_ms=0.001 nscan_lifecycle_ms=0.055 cleanup_ms=0.019 other_ms=0.002
SCAN_MEMORY t=2026-01-01 00:00:18 nodes=19 maxrss_mb=123.2
SCAN_NSCAN_COMMITTED scan=9 t=2026-01-01 00:00:18 boundary=3 1->node5@s3
TRACK_LIFECYCLE mode=map_leaf score_threshold=-4.59512 miss_threshold=7 terminated=[1] reasons=score:[1]
SCAN scan=10 t=2026-01-01 00:00:20 det=12 trees=6 leaves=13 tentative=3 confirmed=3 clusters=4 comb_eval=104 comb_feas=20 rebuilt_globals=13 split_clusters=0 split_ops=0 nscan boundary=4 in_scope=1 committed_now=1 committed_total=1 disagree=0 births cand=8 tracks_created=2 tracks_kept=2 MAP tracks=6 published=3 unpublished=3 used=5 unused=7 hit_rate=0.94
SCAN_TIMING t=2026-01-01 00:00:20 wall_ms=9.941
SCAN_TIMING_PHASES t=2026-01-01 00:00:20 prep_ctx_ms=0.032 pre_expand_validate_ms=0.001 expand_ms=3.301 expand_hypothesise_calls=8 expand_hypothesise_ms=2.695 expand_update_calls=14 expand_update_ms=0.336 expand_other_ms=0.270 post_expand_prune_validate_ms=0.003 births_ms=6.300 cluster_build_solve_ms=0.213 post_solve_prune_ms=0.011 map_merge_ms=0.001 nscan_lifecycle_ms=0.058 cleanup_ms=0.017 other_ms=0.002
SCAN_MEMORY t=2026-01-01 00:00:20 nodes=26 maxrss_mb=123.5
SCAN_NSCAN_COMMITTED scan=10 t=2026-01-01 00:00:20 boundary=4 1->node16@s4
TRACK_LIFECYCLE mode=map_leaf score_threshold=-4.59512 miss_threshold=7 terminated=[10] reasons=score:[10]
SCAN scan=11 t=2026-01-01 00:00:22 det=10 trees=7 leaves=12 tentative=4 confirmed=3 clusters=5 comb_eval=156 comb_feas=22 rebuilt_globals=14 split_clusters=0 split_ops=0 nscan boundary=5 in_scope=0 committed_now=0 committed_total=1 disagree=0 births cand=6 tracks_created=5 tracks_kept=2 MAP tracks=7 published=3 unpublished=4 used=5 unused=5 hit_rate=0.86
SCAN_TIMING t=2026-01-01 00:00:22 wall_ms=11.596
SCAN_TIMING_PHASES t=2026-01-01 00:00:22 prep_ctx_ms=0.026 pre_expand_validate_ms=0.002 expand_ms=5.077 expand_hypothesise_calls=13 expand_hypothesise_ms=4.179 expand_update_calls=21 expand_update_ms=0.497 expand_other_ms=0.401 post_expand_prune_validate_ms=0.003 births_ms=6.146 cluster_build_solve_ms=0.255 post_solve_prune_ms=0.011 map_merge_ms=0.001 nscan_lifecycle_ms=0.054 cleanup_ms=0.020 other_ms=0.002
SCAN_MEMORY t=2026-01-01 00:00:22 nodes=28 maxrss_mb=123.8
TRACK_LIFECYCLE mode=map_leaf score_threshold=-4.59512 miss_threshold=7 terminated=[13, 14] reasons=score:[13, 14]
SCAN scan=12 t=2026-01-01 00:00:24 det=14 trees=6 leaves=14 tentative=2 confirmed=4 clusters=4 comb_eval=134 comb_feas=18 rebuilt_globals=13 split_clusters=0 split_ops=0 nscan boundary=6 in_scope=0 committed_now=0 committed_total=1 disagree=0 births cand=11 tracks_created=1 tracks_kept=1 MAP tracks=6 published=4 unpublished=2 used=4 unused=10 hit_rate=0.88
SCAN_TIMING t=2026-01-01 00:00:24 wall_ms=10.798
SCAN_TIMING_PHASES t=2026-01-01 00:00:24 prep_ctx_ms=0.034 pre_expand_validate_ms=0.002 expand_ms=4.638 expand_hypothesise_calls=12 expand_hypothesise_ms=3.940 expand_update_calls=15 expand_update_ms=0.357 expand_other_ms=0.342 post_expand_prune_validate_ms=0.003 births_ms=5.800 cluster_build_solve_ms=0.232 post_solve_prune_ms=0.012 map_merge_ms=0.001 nscan_lifecycle_ms=0.054 cleanup_ms=0.020 other_ms=0.002
SCAN_MEMORY t=2026-01-01 00:00:24 nodes=38 maxrss_mb=124.1
TRACK_LIFECYCLE mode=map_leaf score_threshold=-4.59512 miss_threshold=7 terminated=[16] reasons=score:[16]
SCAN scan=13 t=2026-01-01 00:00:26 det=13 trees=7 leaves=16 tentative=3 confirmed=4 clusters=4 comb_eval=200 comb_feas=23 rebuilt_globals=13 split_clusters=0 split_ops=0 nscan boundary=7 in_scope=1 committed_now=1 committed_total=2 disagree=0 births cand=10 tracks_created=2 tracks_kept=2 MAP tracks=7 published=4 unpublished=3 used=5 unused=8 hit_rate=0.88
SCAN_TIMING t=2026-01-01 00:00:26 wall_ms=12.975
SCAN_TIMING_PHASES t=2026-01-01 00:00:26 prep_ctx_ms=0.035 pre_expand_validate_ms=0.002 expand_ms=5.233 expand_hypothesise_calls=14 expand_hypothesise_ms=4.467 expand_update_calls=15 expand_update_ms=0.370 expand_other_ms=0.396 post_expand_prune_validate_ms=0.003 births_ms=7.348 cluster_build_solve_ms=0.261 post_solve_prune_ms=0.012 map_merge_ms=0.001 nscan_lifecycle_ms=0.055 cleanup_ms=0.022 other_ms=0.002
SCAN_MEMORY t=2026-01-01 00:00:26 nodes=47 maxrss_mb=124.4
SCAN_NSCAN_COMMITTED scan=13 t=2026-01-01 00:00:26 boundary=7 7->node77@s7
TRACK_LIFECYCLE mode=map_leaf score_threshold=-4.59512 miss_threshold=7 terminated=[17] reasons=score:[17]
SCAN scan=14 t=2026-01-01 00:00:28 det=14 trees=8 leaves=16 tentative=3 confirmed=5 clusters=5 comb_eval=411 comb_feas=31 rebuilt_globals=14 split_clusters=0 split_ops=0 nscan boundary=8 in_scope=1 committed_now=1 committed_total=2 disagree=0 births cand=11 tracks_created=3 tracks_kept=2 MAP tracks=8 published=5 unpublished=3 used=5 unused=9 hit_rate=0.82
SCAN_TIMING t=2026-01-01 00:00:28 wall_ms=13.698
SCAN_TIMING_PHASES t=2026-01-01 00:00:28 prep_ctx_ms=0.035 pre_expand_validate_ms=0.002 expand_ms=5.668 expand_hypothesise_calls=16 expand_hypothesise_ms=4.959 expand_update_calls=12 expand_update_ms=0.287 expand_other_ms=0.422 post_expand_prune_validate_ms=0.003 births_ms=7.596 cluster_build_solve_ms=0.296 post_solve_prune_ms=0.012 map_merge_ms=0.001 nscan_lifecycle_ms=0.059 cleanup_ms=0.024 other_ms=0.002
SCAN_MEMORY t=2026-01-01 00:00:28 nodes=52 maxrss_mb=124.6
SCAN_NSCAN_COMMITTED scan=14 t=2026-01-01 00:00:28 boundary=8 7->node98@s8
TRACK_LIFECYCLE mode=map_leaf score_threshold=-4.59512 miss_threshold=7 terminated=[11, 18] reasons=score:[11, 18]
SCAN scan=15 t=2026-01-01 00:00:30 det=7 trees=8 leaves=19 tentative=3 confirmed=5 clusters=4 comb_eval=2296 comb_feas=38 rebuilt_globals=13 split_clusters=0 split_ops=0 nscan boundary=9 in_scope=2 committed_now=2 committed_total=3 disagree=2 births cand=4 tracks_created=2 tracks_kept=2 MAP tracks=8 published=5 unpublished=3 used=5 unused=2 hit_rate=0.79
SCAN_TIMING t=2026-01-01 00:00:30 wall_ms=12.568
SCAN_TIMING_PHASES t=2026-01-01 00:00:30 prep_ctx_ms=0.023 pre_expand_validate_ms=0.002 expand_ms=5.384 expand_hypothesise_calls=16 expand_hypothesise_ms=4.600 expand_update_calls=14 expand_update_ms=0.346 expand_other_ms=0.438 post_expand_prune_validate_ms=0.003 births_ms=6.550 cluster_build_solve_ms=0.493 post_solve_prune_ms=0.013 map_merge_ms=0.001 nscan_lifecycle_ms=0.071 cleanup_ms=0.025 other_ms=0.002
SCAN_MEMORY t=2026-01-01 00:00:30 nodes=50 maxrss_mb=125.0
SCAN_NSCAN_COMMITTED scan=15 t=2026-01-01 00:00:30 boundary=9 7->node133@s9, 11->node147@s9
TRACK_LIFECYCLE mode=map_leaf score_threshold=-4.59512 miss_threshold=7 terminated=[20] reasons=score:[20]
SCAN scan=16 t=2026-01-01 00:00:32 det=9 trees=9 leaves=23 tentative=3 confirmed=6 clusters=5 comb_eval=2378 comb_feas=36 rebuilt_globals=14 split_clusters=0 split_ops=0 nscan boundary=10 in_scope=2 committed_now=2 committed_total=4 disagree=0 births cand=6 tracks_created=4 tracks_kept=2 MAP tracks=9 published=6 unpublished=3 used=5 unused=4 hit_rate=0.79
SCAN_TIMING t=2026-01-01 00:00:32 wall_ms=14.187
SCAN_TIMING_PHASES t=2026-01-01 00:00:32 prep_ctx_ms=0.025 pre_expand_validate_ms=0.002 expand_ms=6.559 expand_hypothesise_calls=19 expand_hypothesise_ms=5.605 expand_update_calls=17 expand_update_ms=0.429 expand_other_ms=0.525 post_expand_prune_validate_ms=0.003 births_ms=6.967 cluster_build_solve_ms=0.521 post_solve_prune_ms=0.012 map_merge_ms=0.001 nscan_lifecycle_ms=0.068 cleanup_ms=0.027 other_ms=0.002
SCAN_MEMORY t=2026-01-01 00:00:32 nodes=66 maxrss_mb=125.3
SCAN_NSCAN_COMMITTED scan=16 t=2026-01-01 00:00:32 boundary=10 7->node153@s10, 12->node170@s10
TRACK_LIFECYCLE mode=map_leaf score_threshold=-4.59512 miss_threshold=7 terminated=[15, 23] reasons=score:[15, 23]
SCAN scan=17 t=2026-01-01 00:00:34 det=11 trees=7 leaves=17 tentative=1 confirmed=6 clusters=4 comb_eval=7383 comb_feas=72 rebuilt_globals=13 split_clusters=0 split_ops=0 nscan boundary=11 in_scope=2 committed_now=2 committed_total=4 disagree=0 births cand=7 tracks_created=0 tracks_kept=0 MAP tracks=7 published=6 unpublished=1 used=4 unused=7 hit_rate=0.77
SCAN_TIMING t=2026-01-01 00:00:34 wall_ms=15.158
SCAN_TIMING_PHASES t=2026-01-01 00:00:34 prep_ctx_ms=0.030 pre_expand_validate_ms=0.002 expand_ms=7.950 expand_hypothesise_calls=23 expand_hypothesise_ms=6.921 expand_update_calls=17 expand_update_ms=0.421 expand_other_ms=0.607 post_expand_prune_validate_ms=0.003 births_ms=6.201 cluster_build_solve_ms=0.868 post_solve_prune_ms=0.012 map_merge_ms=0.001 nscan_lifecycle_ms=0.057 cleanup_ms=0.032 other_ms=0.002
SCAN_MEMORY t=2026-01-01 00:00:34 nodes=45 maxrss_mb=125.6
SCAN_NSCAN_COMMITTED scan=17 t=2026-01-01 00:00:34 boundary=11 7->node176@s11, 12->node201@s11
TRACK_LIFECYCLE mode=map_leaf score_threshold=-4.59512 miss_threshold=7 terminated=[25] reasons=score:[25]
SCAN scan=18 t=2026-01-01 00:00:36 det=8 trees=8 leaves=21 tentative=2 confirmed=6 clusters=6 comb_eval=226 comb_feas=38 rebuilt_globals=16 split_clusters=0 split_ops=0 nscan boundary=12 in_scope=2 committed_now=2 committed_total=4 disagree=0 births cand=4 tracks_created=2 tracks_kept=2 MAP tracks=8 published=6 unpublished=2 used=6 unused=2 hit_rate=0.83
SCAN_TIMING t=2026-01-01 00:00:36 wall_ms=11.691
SCAN_TIMING_PHASES t=2026-01-01 00:00:36 prep_ctx_ms=0.022 pre_expand_validate_ms=0.001 expand_ms=5.883 expand_hypothesise_calls=17 expand_hypothesise_ms=5.045 expand_update_calls=15 expand_update_ms=0.378 expand_other_ms=0.460 post_expand_prune_validate_ms=0.003 births_ms=5.380 cluster_build_solve_ms=0.299 post_solve_prune_ms=0.011 map_merge_ms=0.001 nscan_lifecycle_ms=0.064 cleanup_ms=0.024 other_ms=0.002
SCAN_MEMORY t=2026-01-01 00:00:36 nodes=60 maxrss_mb=125.9
SCAN_NSCAN_COMMITTED scan=18 t=2026-01-01 00:00:36 boundary=12 7->node212@s12, 12->node217@s12
TRACK_LIFECYCLE mode=map_leaf score_threshold=-4.59512 miss_threshold=7 terminated=[21, 24] reasons=score:[21, 24]
SCAN scan=19 t=2026-01-01 00:00:38 det=16 trees=7 leaves=22 tentative=1 confirmed=6 clusters=3 comb_eval=6947 comb_feas=45 rebuilt_globals=12 split_clusters=0 split_ops=0 nscan boundary=13 in_scope=2 committed_now=2 committed_total=4 disagree=0 births cand=13 tracks_created=1 tracks_kept=1 MAP tracks=7 published=6 unpublished=1 used=4 unused=12 hit_rate=0.75
SCAN_TIMING t=2026-01-01 00:00:38 wall_ms=14.657
SCAN_TIMING_PHASES t=2026-01-01 00:00:38 prep_ctx_ms=0.037 pre_expand_validate_ms=0.001 expand_ms=7.746 expand_hypothesise_calls=21 expand_hypothesise_ms=6.758 expand_update_calls=17 expand_update_ms=0.424 expand_other_ms=0.563 post_expand_prune_validate_ms=0.003 births_ms=6.028 cluster_build_solve_ms=0.732 post_solve_prune_ms=0.015 map_merge_ms=0.001 nscan_lifecycle_ms=0.065 cleanup_ms=0.025 other_ms=0.002
SCAN_MEMORY t=2026-01-01 00:00:38 nodes=58 maxrss_mb=126.3
SCAN_NSCAN_COMMITTED scan=19 t=2026-01-01 00:00:38 boundary=13 7->node240@s13, 12->node245@s13
TRACK_LIFECYCLE mode=map_leaf score_threshold=-4.59512 miss_threshold=7 terminated=[22] reasons=score:[22]
SCAN scan=20 t=2026-01-01 00:00:40 det=19 trees=8 leaves=21 tentative=3 confirmed=5 clusters=4 comb_eval=5367 comb_feas=41 rebuilt_globals=13 split_clusters=0 split_ops=0 nscan boundary=14 in_scope=3 committed_now=3 committed_total=5 disagree=0 births cand=16 tracks_created=6 tracks_kept=2 MAP tracks=8 published=5 unpublished=3 used=5 unused=14 hit_rate=0.75
SCAN_TIMING t=2026-01-01 00:00:40 wall_ms=17.905
SCAN_TIMING_PHASES t=2026-01-01 00:00:40 prep_ctx_ms=0.043 pre_expand_validate_ms=0.001 expand_ms=8.506 expand_hypothesise_calls=22 expand_hypothesise_ms=7.419 expand_update_calls=20 expand_update_ms=0.483 expand_other_ms=0.604 post_expand_prune_validate_ms=0.003 births_ms=8.622 cluster_build_solve_ms=0.619 post_solve_prune_ms=0.012 map_merge_ms=0.001 nscan_lifecycle_ms=0.069 cleanup_ms=0.026 other_ms=0.002
SCAN_MEMORY t=2026-01-01 00:00:40 nodes=52 maxrss_mb=126.7
SCAN_NSCAN_COMMITTED scan=20 t=2026-01-01 00:00:40 boundary=14 7->node271@s14, 12->node277@s14, 19->node297@s14
TRACK_LIFECYCLE mode=map_leaf score_threshold=-4.59512 miss_threshold=7 terminated=[27, 28] reasons=score:[27, 28]
SCAN scan=21 t=2026-01-01 00:00:42 det=9 trees=8 leaves=22 tentative=3 confirmed=5 clusters=5 comb_eval=4224 comb_feas=33 rebuilt_globals=14 split_clusters=0 split_ops=0 nscan boundary=15 in_scope=3 committed_now=3 committed_total=5 disagree=0 births cand=6 tracks_created=2 tracks_kept=2 MAP tracks=8 published=5 unpublished=3 used=5 unused=4 hit_rate=0.77
SCAN_TIMING t=2026-01-01 00:00:42 wall_ms=14.820
SCAN_TIMING_PHASES t=2026-01-01 00:00:42 prep_ctx_ms=0.025 pre_expand_validate_ms=0.001 expand_ms=7.561 expand_hypothesise_calls=21 expand_hypothesise_ms=6.265 expand_update_calls=29 expand_update_ms=0.677 expand_other_ms=0.619 post_expand_prune_validate_ms=0.003 births_ms=6.531 cluster_build_solve_ms=0.567 post_solve_prune_ms=0.014 map_merge_ms=0.001 nscan_lifecycle_ms=0.081 cleanup_ms=0.032 other_ms=0.002
SCAN_MEMORY t=2026-01-01 00:00:42 nodes=56 maxrss_mb=127.0
SCAN_NSCAN_COMMITTED scan=21 t=2026-01-01 00:00:42 boundary=15 7->node301@s15, 12->node308@s15, 19->node320@s15
SCAN scan=22 t=2026-01-01 00:00:44 det=10 trees=10 leaves=27 tentative=5 confirmed=5 clusters=6 comb_eval=2299 comb_feas=37 rebuilt_globals=15 split_clusters=0 split_ops=0 nscan boundary=16 in_scope=3 committed_now=3 committed_total=5 disagree=0 births cand=7 tracks_created=2 tracks_kept=2 MAP tracks=10 published=5 unpublished=5 used=5 unused=5 hit_rate=0.69
SCAN_TIMING t=2026-01-01 00:00:44 wall_ms=14.541
SCAN_TIMING_PHASES t=2026-01-01 00:00:44 prep_ctx_ms=0.027 pre_expand_validate_ms=0.002 expand_ms=7.660 expand_hypothesise_calls=22 expand_hypothesise_ms=6.597 expand_update_calls=19 expand_update_ms=0.468 expand_other_ms=0.595 post_expand_prune_validate_ms=0.003 births_ms=6.302 cluster_build_solve_ms=0.438 post_solve_prune_ms=0.012 map_merge_ms=0.001 nscan_lifecycle_ms=0.064 cleanup_ms=0.030 other_ms=0.002
SCAN_MEMORY t=2026-01-01 00:00:44 nodes=76 maxrss_mb=127.2
SCAN_NSCAN_COMMITTED scan=22 t=2026-01-01 00:00:44 boundary=16 7->node333@s16, 12->node334@s16, 19->node349@s16
TRACK_LIFECYCLE mode=map_leaf score_threshold=-4.59512 miss_threshold=7 terminated=[29, 30, 31, 32] reasons=score:[29, 30, 31, 32]
SCAN scan=23 t=2026-01-01 00:00:46 det=12 trees=7 leaves=24 tentative=3 confirmed=4 clusters=4 comb_eval=10605 comb_feas=40 rebuilt_globals=13 split_clusters=0 split_ops=0 nscan boundary=17 in_scope=3 committed_now=3 committed_total=5 disagree=0 births cand=9 tracks_created=1 tracks_kept=1 MAP tracks=7 published=4 unpublished=3 used=4 unused=8 hit_rate=0.74
SCAN_TIMING t=2026-01-01 00:00:46 wall_ms=18.037
SCAN_TIMING_PHASES t=2026-01-01 00:00:46 prep_ctx_ms=0.033 pre_expand_validate_ms=0.002 expand_ms=9.746 expand_hypothesise_calls=27 expand_hypothesise_ms=8.388 expand_update_calls=25 expand_update_ms=0.616 expand_other_ms=0.742 post_expand_prune_validate_ms=0.003 births_ms=7.192 cluster_build_solve_ms=0.927 post_solve_prune_ms=0.015 map_merge_ms=0.001 nscan_lifecycle_ms=0.078 cleanup_ms=0.037 other_ms=0.002
SCAN_MEMORY t=2026-01-01 00:00:46 nodes=80 maxrss_mb=127.5
SCAN_NSCAN_COMMITTED scan=23 t=2026-01-01 00:00:46 boundary=17 7->node371@s17, 12->node372@s17, 19->node382@s17
TRACK_LIFECYCLE mode=map_leaf score_threshold=-4.59512 miss_threshold=7 terminated=[26, 33] reasons=score:[26, 33]
SCAN scan=24 t=2026-01-01 00:00:48 det=13 trees=7 leaves=14 tentative=3 confirmed=4 clusters=4 comb_eval=1719 comb_feas=28 rebuilt_globals=13 split_clusters=0 split_ops=0 nscan boundary=18 in_scope=3 committed_now=3 committed_total=5 disagree=0 births cand=10 tracks_created=2 tracks_kept=2 MAP tracks=7 published=4 unpublished=3 used=4 unused=9 hit_rate=0.80
SCAN_TIMING t=2026-01-01 00:00:48 wall_ms=17.738
SCAN_TIMING_PHASES t=2026-01-01 00:00:48 prep_ctx_ms=0.032 pre_expand_validate_ms=0.002 expand_ms=8.625 expand_hypothesise_calls=24 expand_hypothesise_ms=7.484 expand_update_calls=19 expand_update_ms=0.474 expand_other_ms=0.667 post_expand_prune_validate_ms=0.003 births_ms=8.527 cluster_build_solve_ms=0.425 post_solve_prune_ms=0.013 map_merge_ms=0.001 nscan_lifecycle_ms=0.073 cleanup_ms=0.035 other_ms=0.002
SCAN_MEMORY t=2026-01-01 00:00:48 nodes=38 maxrss_mb=127.8
SCAN_NSCAN_COMMITTED scan=24 t=2026-01-01 00:00:48 boundary=18 7->node411@s18, 12->node413@s18, 19->node415@s18
SCAN scan=25 t=2026-01-01 00:00:50 det=9 trees=9 leaves=22 tentative=3 confirmed=6 clusters=3 comb_eval=1557 comb_feas=48 rebuilt_globals=12 split_clusters=0 split_ops=0 nscan boundary=19 in_scope=3 committed_now=3 committed_total=5 disagree=0 births cand=6 tracks_created=2 tracks_kept=2 MAP tracks=9 published=6 unpublished=3 used=5 unused=4 hit_rate=0.74
SCAN_TIMING t=2026-01-01 00:00:50 wall_ms=13.570
SCAN_TIMING_PHASES t=2026-01-01 00:00:50 prep_ctx_ms=0.024 pre_expand_validate_ms=0.002 expand_ms=5.365 expand_hypothesise_calls=14 expand_hypothesise_ms=4.375 expand_update_calls=23 expand_update_ms=0.544 expand_other_ms=0.446 post_expand_prune_validate_ms=0.003 births_ms=7.652 cluster_build_solve_ms=0.418 post_solve_prune_ms=0.012 map_merge_ms=0.001 nscan_lifecycle_ms=0.064 cleanup_ms=0.026 other_ms=0.002
SCAN_MEMORY t=2026-01-01 00:00:50 nodes=52 maxrss_mb=128.1
SCAN_NSCAN_COMMITTED scan=25 t=2026-01-01 00:00:50 boundary=19 7->node445@s19, 12->node449@s19, 19->node451@s19
OVERLOAD_SPLIT scan=26 cluster=0 track_ids=[7, 12, 19, 34, 35, 36, 37, 38, 39] projected_before=3773952 threshold=500000 split_ops=14 stop=greedy_partition removed_edges=[7-35:1, 7-39:1, 12-34:1, 12-35:1, 12-38:1, 12-39:1, 19-38:1, 19-39:1, 34-35:1, 34-39:1, 36-38:1, 36-39:1, 7-37:2, 12-37:2] subclusters=[[7, 19, 34, 35, 36, 37, 38, 39], [12]] projected_after=[943488, 4] branches=0 empty_branches=0 recomb_considered=40 recomb_infeasible=0 branch_recomb_retained=10 recomb_failures=0 recursive_cache_hits=0 recursive_cache_misses=5 max_recursion_depth=1 max_cut_key_count=2 total_interface_assignments=0 max_recombination_product_size=40 final_recomb_retained=10 interface_assignment_cap_fallbacks=0 greedy_splits=1 greedy_fallbacks=0 greedy_assign_l=0 greedy_assign_r=2 greedy_assign_none=0 greedy_released=0
SCAN scan=26 t=2026-01-01 00:00:52 det=16 trees=10 leaves=25 tentative=3 confirmed=7 clusters=2 comb_eval=4962 comb_feas=71 rebuilt_globals=11 split_clusters=1 split_ops=14 nscan boundary=20 in_scope=3 committed_now=3 committed_total=5 disagree=0 births cand=12 tracks_created=1 tracks_kept=1 MAP tracks=10 published=7 unpublished=3 used=4 unused=12 hit_rate=0.62
SCAN_TIMING t=2026-01-01 00:00:52 wall_ms=18.970
SCAN_TIMING_PHASES t=2026-01-01 00:00:52 prep_ctx_ms=0.038 pre_expand_validate_ms=0.002 expand_ms=8.893 expand_hypothesise_calls=22 expand_hypothesise_ms=7.449 expand_update_calls=32 expand_update_ms=0.775 expand_other_ms=0.669 post_expand_prune_validate_ms=0.004 births_ms=8.768 cluster_build_solve_ms=1.147 post_solve_prune_ms=0.016 map_merge_ms=0.001 nscan_lifecycle_ms=0.063 cleanup_ms=0.037 other_ms=0.002
SCAN_MEMORY t=2026-01-01 00:00:52 nodes=67 maxrss_mb=128.5
SCAN_NSCAN_COMMITTED scan=26 t=2026-01-01 00:00:52 boundary=20 7->node484@s20, 12->node486@s20, 19->node488@s20
OVERLOAD_SPLIT scan=27 cluster=0 track_ids=[7, 12, 19, 34, 35, 36, 37, 38, 39, 40] projected_before=5987520 threshold=500000 split_ops=5 stop=greedy_partition removed_edges=[12-35:1, 12-37:1, 12-38:1, 12-39:1, 12-40:1] subclusters=[[7, 19, 34, 35, 36, 37, 38, 39, 40], [12]] projected_after=[2993760, 2] branches=0 empty_branches=0 recomb_considered=20 recomb_infeasible=0 branch_recomb_retained=10 recomb_failures=0 recursive_cache_hits=0 recursive_cache_misses=5 max_recursion_depth=1 max_cut_key_count=1 total_interface_assignments=0 max_recombination_product_size=20 final_recomb_retained=10 interface_assignment_cap_fallbacks=0 greedy_splits=1 greedy_fallbacks=0 greedy_assign_l=0 greedy_assign_r=1 greedy_assign_none=0 greedy_released=0
TRACK_LIFECYCLE mode=map_leaf score_threshold=-4.59512 miss_threshold=7 terminated=[35, 37, 38, 39] reasons=score:[35, 37, 38, 39]
SCAN scan=27 t=2026-01-01 00:00:54 det=10 trees=7 leaves=23 tentative=2 confirmed=5 clusters=2 comb_eval=12494 comb_feas=87 rebuilt_globals=11 split_clusters=1 split_ops=5 nscan boundary=21 in_scope=3 committed_now=3 committed_total=5 disagree=0 births cand=7 tracks_created=1 tracks_kept=1 MAP tracks=7 published=5 unpublished=2 used=4 unused=6 hit_rate=0.67
SCAN_TIMING t=2026-01-01 00:00:54 wall_ms=20.017
SCAN_TIMING_PHASES t=2026-01-01 00:00:54 prep_ctx_ms=0.026 pre_expand_validate_ms=0.001 expand_ms=9.308 expand_hypothesise_calls=25 expand_hypothesise_ms=7.778 expand_update_calls=32 expand_update_ms=0.784 expand_other_ms=0.747 post_expand_prune_validate_ms=0.003 births_ms=9.213 cluster_build_solve_ms=1.337 post_solve_prune_ms=0.021 map_merge_ms=0.002 nscan_lifecycle_ms=0.069 cleanup_ms=0.034 other_ms=0.003
SCAN_MEMORY t=2026-01-01 00:00:54 nodes=62 maxrss_mb=128.8
SCAN_NSCAN_COMMITTED scan=27 t=2026-01-01 00:00:54 boundary=21 7->node528@s21, 12->node532@s21, 19->node536@s21
TRACK_LIFECYCLE mode=map_leaf score_threshold=-4.59512 miss_threshold=7 terminated=[34] reasons=score:[34]
SCAN scan=28 t=2026-01-01 00:00:56 det=10 trees=7 leaves=27 tentative=3 confirmed=4 clusters=4 comb_eval=268 comb_feas=39 rebuilt_globals=24 split_clusters=0 split_ops=0 nscan boundary=22 in_scope=3 committed_now=3 committed_total=5 disagree=0 births cand=6 tracks_created=1 tracks_kept=1 MAP tracks=7 published=4 unpublished=3 used=4 unused=6 hit_rate=0.71
SCAN_TIMING t=2026-01-01 00:00:56 wall_ms=17.525
SCAN_TIMING_PHASES t=2026-01-01 00:00:56 prep_ctx_ms=0.030 pre_expand_validate_ms=0.002 expand_ms=7.967 expand_hypothesise_calls=23 expand_hypothesise_ms=6.820 expand_update_calls=20 expand_update_ms=0.508 expand_other_ms=0.639 post_expand_prune_validate_ms=0.003 births_ms=9.056 cluster_build_solve_ms=0.352 post_solve_prune_ms=0.013 map_merge_ms=0.001 nscan_lifecycle_ms=0.073 cleanup_ms=0.026 other_ms=0.002
SCAN_MEMORY t=2026-01-01 00:00:56 nodes=70 maxrss_mb=129.1
SCAN_NSCAN_COMMITTED scan=28 t=2026-01-01 00:00:56 boundary=22 7->node580@s22, 12->node584@s22, 19->node585@s22
TRACK_LIFECYCLE mode=map_leaf score_threshold=-4.59512 miss_threshold=7 terminated=[41] reasons=score:[41]
SCAN scan=29 t=2026-01-01 00:00:58 det=9 trees=8 leaves=24 tentative=3 confirmed=5 clusters=3 comb_eval=2736 comb_feas=46 rebuilt_globals=12 split_clusters=0 split_ops=0 nscan boundary=23 in_scope=3 committed_now=3 committed_total=5 disagree=0 births cand=6 tracks_created=2 tracks_kept=2 MAP tracks=8 published=5 unpublished=3 used=5 unused=4 hit_rate=0.73
SCAN_TIMING t=2026-01-01 00:00:58 wall_ms=18.978
SCAN_TIMING_PHASES t=2026-01-01 00:00:58 prep_ctx_ms=0.031 pre_expand_validate_ms=0.003 expand_ms=9.561 expand_hypothesise_calls=27 expand_hypothesise_ms=8.080 expand_update_calls=28 expand_update_ms=0.676 expand_other_ms=0.804 post_expand_prune_validate_ms=0.003 births_ms=8.661 cluster_build_solve_ms=0.567 post_solve_prune_ms=0.014 map_merge_ms=0.001 nscan_lifecycle_ms=0.092 cleanup_ms=0.042 other_ms=0.003
SCAN_MEMORY t=2026-01-01 00:00:58 nodes=69 maxrss_mb=129.4
SCAN_NSCAN_COMMITTED scan=29 t=2026-01-01 00:00:58 boundary=23 7->node623@s23, 12->node625@s23, 19->node627@s23
TRACK_LIFECYCLE mode=map_leaf score_threshold=-4.59512 miss_threshold=7 terminated=[36, 40] reasons=score:[36, 40]
SCAN scan=30 t=2026-01-01 00:01:00 det=11 trees=8 leaves=16 tentative=2 confirmed=6 clusters=4 comb_eval=11824 comb_feas=116 rebuilt_globals=14 split_clusters=0 split_ops=0 nscan boundary=24 in_scope=3 committed_now=3 committed_total=5 disagree=0 births cand=7 tracks_created=3 tracks_kept=2 MAP tracks=8 published=6 unpublished=2 used=5 unused=6 hit_rate=0.77
SCAN_TIMING t=2026-01-01 00:01:00 wall_ms=18.947
SCAN_TIMING_PHASES t=2026-01-01 00:01:00 prep_ctx_ms=0.034 pre_expand_validate_ms=0.002 expand_ms=8.868 expand_hypothesise_calls=24 expand_hypothesise_ms=7.573 expand_update_calls=23 expand_update_ms=0.569 expand_other_ms=0.725 post_expand_prune_validate_ms=0.003 births_ms=8.799 cluster_build_solve_ms=1.114 post_solve_prune_ms=0.013 map_merge_ms=0.001 nscan_lifecycle_ms=0.072 cleanup_ms=0.038 other_ms=0.002
SCAN_MEMORY t=2026-01-01 00:01:00 nodes=43 maxrss_mb=129.7
SCAN_NSCAN_COMMITTED scan=30 t=2026-01-01 00:01:00 boundary=24 7->node676@s24, 12->node678@s24, 19->node679@s24
SCAN scan=31 t=2026-01-01 00:01:02 det=11 trees=10 leaves=20 tentative=3 confirmed=7 clusters=4 comb_eval=1806 comb_feas=71 rebuilt_globals=13 split_clusters=0 split_ops=0 nscan boundary=25 in_scope=3 committed_now=3 committed_total=5 disagree=0 births cand=8 tracks_created=6 tracks_kept=2 MAP tracks=10 published=7 unpublished=3 used=5 unused=6 hit_rate=0.71
SCAN_TIMING t=2026-01-01 00:01:02 wall_ms=14.383
SCAN_TIMING_PHASES t=2026-01-01 00:01:02 prep_ctx_ms=0.030 pre_expand_validate_ms=0.002 expand_ms=5.989 expand_hypothesise_calls=16 expand_hypothesise_ms=5.110 expand_update_calls=16 expand_update_ms=0.424 expand_other_ms=0.455 post_expand_prune_validate_ms=0.003 births_ms=7.763 cluster_build_solve_ms=0.482 post_solve_prune_ms=0.012 map_merge_ms=0.001 nscan_lifecycle_ms=0.071 cleanup_ms=0.027 other_ms=0.002
SCAN_MEMORY t=2026-01-01 00:01:02 nodes=53 maxrss_mb=130.0
SCAN_NSCAN_COMMITTED scan=31 t=2026-01-01 00:01:02 boundary=25 7->node721@s25, 12->node725@s25, 19->node727@s25
TRACK_LIFECYCLE mode=map_leaf score_threshold=-4.59512 miss_threshold=7 terminated=[43, 44, 45, 46] reasons=score:[43, 44, 45, 46]
SCAN scan=32 t=2026-01-01 00:01:04 det=15 trees=6 leaves=17 tentative=1 confirmed=5 clusters=2 comb_eval=15477 comb_feas=47 rebuilt_globals=11 split_clusters=0 split_ops=0 nscan boundary=26 in_scope=3 committed_now=3 committed_total=5 disagree=0 births cand=12 tracks_created=0 tracks_kept=0 MAP tracks=6 published=5 unpublished=1 used=3 unused=12 hit_rate=0.67
SCAN_TIMING t=2026-01-01 00:01:04 wall_ms=15.718
SCAN_TIMING_PHASES t=2026-01-01 00:01:04 prep_ctx_ms=0.036 pre_expand_validate_ms=0.002 expand_ms=7.843 expand_hypothesise_calls=20 expand_hypothesise_ms=6.667 expand_update_calls=24 expand_update_ms=0.588 expand_other_ms=0.589 post_expand_prune_validate_ms=0.003 births_ms=6.390 cluster_build_solve_ms=1.338 post_solve_prune_ms=0.013 map_merge_ms=0.001 nscan_lifecycle_ms=0.063 cleanup_ms=0.027 other_ms=0.002
SCAN_MEMORY t=2026-01-01 00:01:04 nodes=51 maxrss_mb=130.3
SCAN_NSCAN_COMMITTED scan=32 t=2026-01-01 00:01:04 boundary=26 7->node760@s26, 12->node766@s26, 19->node770@s26
TRACK_LIFECYCLE mode=map_leaf score_threshold=-4.59512 miss_threshold=7 terminated=[47] reasons=score:[47]
SCAN scan=33 t=2026-01-01 00:01:06 det=17 trees=7 leaves=25 tentative=2 confirmed=5 clusters=5 comb_eval=749 comb_feas=32 rebuilt_globals=15 split_clusters=0 split_ops=0 nscan boundary=27 in_scope=3 committed_now=3 committed_total=5 disagree=0 births cand=14 tracks_created=2 tracks_kept=2 MAP tracks=7 published=5 unpublished=2 used=5 unused=12 hit_rate=0.76
SCAN_TIMING t=2026-01-01 00:01:06 wall_ms=16.811
SCAN_TIMING_PHASES t=2026-01-01 00:01:06 prep_ctx_ms=0.040 pre_expand_validate_ms=0.001 expand_ms=6.687 expand_hypothesise_calls=17 expand_hypothesise_ms=5.765 expand_update_calls=17 expand_update_ms=0.427 expand_other_ms=0.495 post_expand_prune_validate_ms=0.003 births_ms=9.623 cluster_build_solve_ms=0.345 post_solve_prune_ms=0.011 map_merge_ms=0.001 nscan_lifecycle_ms=0.069 cleanup_ms=0.027 other_ms=0.002
SCAN_MEMORY t=2026-01-01 00:01:06 nodes=71 maxrss_mb=130.6
SCAN_NSCAN_COMMITTED scan=33 t=2026-01-01 00:01:06 boundary=27 7->node815@s27, 12->node825@s27, 19->node827@s27
TRACK_LIFECYCLE mode=map_leaf score_threshold=-4.59512 miss_threshold=7 terminated=[48] reasons=score:[48]
SCAN scan=34 t=2026-01-01 00:01:08 det=12 trees=7 leaves=22 tentative=3 confirmed=4 clusters=3 comb_eval=16976 comb_feas=80 rebuilt_globals=12 split_clusters=0 split_ops=0 nscan boundary=28 in_scope=3 committed_now=3 committed_total=5 disagree=0 births cand=9 tracks_created=1 tracks_kept=1 MAP tracks=7 published=4 unpublished=3 used=4 unused=8 hit_rate=0.71
SCAN_TIMING t=2026-01-01 00:01:08 wall_ms=20.644
SCAN_TIMING_PHASES t=2026-01-01 00:01:08 prep_ctx_ms=0.030 pre_expand_validate_ms=0.002 expand_ms=9.423 expand_hypothesise_calls=25 expand_hypothesise_ms=7.998 expand_update_calls=27 expand_update_ms=0.680 expand_other_ms=0.745 post_expand_prune_validate_ms=0.003 births_ms=9.802 cluster_build_solve_ms=1.267 post_solve_prune_ms=0.012 map_merge_ms=0.001 nscan_lifecycle_ms=0.063 cleanup_ms=0.040 other_ms=0.002
SCAN_MEMORY t=2026-01-01 00:01:08 nodes=74 maxrss_mb=131.0
SCAN_NSCAN_COMMITTED scan=34 t=2026-01-01 00:01:08 boundary=28 7->node873@s28, 12->node887@s28, 19->node889@s28
TRACK_LIFECYCLE mode=map_leaf score_threshold=-4.59512 miss_threshold=7 terminated=[42, 49] reasons=score:[49];miss:[42]
SCAN scan=35 t=2026-01-01 00:01:10 det=8 trees=6 leaves=16 tentative=3 confirmed=3 clusters=2 comb_eval=7349 comb_feas=42 rebuilt_globals=11 split_clusters=0 split_ops=0 nscan boundary=29 in_scope=4 committed_now=4 committed_total=6 disagree=0 births cand=5 tracks_created=1 tracks_kept=1 MAP tracks=6 published=3 unpublished=3 used=4 unused=4 hit_rate=0.78
SCAN_TIMING t=2026-01-01 00:01:10 wall_ms=18.285
SCAN_TIMING_PHASES t=2026-01-01 00:01:10 prep_ctx_ms=0.023 pre_expand_validate_ms=0.001 expand_ms=8.079 expand_hypothesise_calls=22 expand_hypothesise_ms=6.797 expand_update_calls=25 expand_update_ms=0.621 expand_other_ms=0.662 post_expand_prune_validate_ms=0.003 births_ms=9.275 cluster_build_solve_ms=0.762 post_solve_prune_ms=0.035 map_merge_ms=0.002 nscan_lifecycle_ms=0.073 cleanup_ms=0.030 other_ms=0.002
SCAN_MEMORY t=2026-01-01 00:01:10 nodes=58 maxrss_mb=131.3
SCAN_NSCAN_COMMITTED scan=35 t=2026-01-01 00:01:10 boundary=29 7->node917@s29, 12->node937@s29, 19->node941@s29, 42->node971@s29
SCAN scan=36 t=2026-01-01 00:01:12 det=9 trees=7 leaves=18 tentative=3 confirmed=4 clusters=3 comb_eval=502 comb_feas=37 rebuilt_globals=12 split_clusters=0 split_ops=0 nscan boundary=30 in_scope=3 committed_now=3 committed_total=6 disagree=0 births cand=6 tracks_created=1 tracks_kept=1 MAP tracks=7 published=4 unpublished=3 used=4 unused=5 hit_rate=0.71
SCAN_TIMING t=2026-01-01 00:01:12 wall_ms=15.959
SCAN_TIMING_PHASES t=2026-01-01 00:01:12 prep_ctx_ms=0.024 pre_expand_validate_ms=0.001 expand_ms=5.725 expand_hypothesise_calls=16 expand_hypothesise_ms=4.848 expand_update_calls=17 expand_update_ms=0.409 expand_other_ms=0.468 post_expand_prune_validate_ms=0.003 births_ms=9.750 cluster_build_solve_ms=0.336 post_solve_prune_ms=0.011 map_merge_ms=0.001 nscan_lifecycle_ms=0.068 cleanup_ms=0.037 other_ms=0.002
SCAN_MEMORY t=2026-01-01 00:01:12 nodes=47 maxrss_mb=131.6
SCAN_NSCAN_COMMITTED scan=36 t=2026-01-01 00:01:12 boundary=30 7->node974@s30, 12->node976@s30, 19->node982@s30
TRACK_LIFECYCLE mode=map_leaf score_threshold=-4.59512 miss_threshold=7 terminated=[50, 51] reasons=score:[50, 51]
SCAN scan=37 t=2026-01-01 00:01:14 det=17 trees=7 leaves=15 tentative=3 confirmed=4 clusters=3 comb_eval=6266 comb_feas=47 rebuilt_globals=12 split_clusters=0 split_ops=0 nscan boundary=31 in_scope=3 committed_now=3 committed_total=6 disagree=0 births cand=14 tracks_created=5 tracks_kept=2 MAP tracks=7 published=4 unpublished=3 used=5 unused=12 hit_rate=0.81
SCAN_TIMING t=2026-01-01 00:01:14 wall_ms=20.621
SCAN_TIMING_PHASES t=2026-01-01 00:01:14 prep_ctx_ms=0.044 pre_expand_validate_ms=0.002 expand_ms=6.995 expand_hypothesise_calls=18 expand_hypothesise_ms=6.089 expand_update_calls=16 expand_update_ms=0.407 expand_other_ms=0.500 post_expand_prune_validate_ms=0.003 births_ms=12.713 cluster_build_solve_ms=0.751 post_solve_prune_ms=0.013 map_merge_ms=0.001 nscan_lifecycle_ms=0.071 cleanup_ms=0.026 other_ms=0.002
SCAN_MEMORY t=2026-01-01 00:01:14 nodes=41 maxrss_mb=131.9
SCAN_NSCAN_COMMITTED scan=37 t=2026-01-01 00:01:14 boundary=31 7->node1023@s31, 12->node1027@s31, 19->node1031@s31
SCAN scan=38 t=2026-01-01 00:01:16 det=13 trees=9 leaves=23 tentative=4 confirmed=5 clusters=4 comb_eval=1575 comb_feas=44 rebuilt_globals=13 split_clusters=0 split_ops=0 nscan boundary=32 in_scope=3 committed_now=3 committed_total=6 disagree=0 births cand=10 tracks_created=2 tracks_kept=2 MAP tracks=9 published=5 unpublished=4 used=5 unused=8 hit_rate=0.72
SCAN_TIMING t=2026-01-01 00:01:16 wall_ms=16.612
SCAN_TIMING_PHASES t=2026-01-01 00:01:16 prep_ctx_ms=0.036 pre_expand_validate_ms=0.002 expand_ms=5.723 expand_hypothesise_calls=15 expand_hypothesise_ms=4.851 expand_update_calls=17 expand_update_ms=0.423 expand_other_ms=0.448 post_expand_prune_validate_ms=0.003 births_ms=10.336 cluster_build_solve_ms=0.404 post_solve_prune_ms=0.012 map_merge_ms=0.001 nscan_lifecycle_ms=0.067 cleanup_ms=0.026 other_ms=0.002
SCAN_MEMORY t=2026-01-01 00:01:16 nodes=57 maxrss_mb=132.2
SCAN_NSCAN_COMMITTED scan=38 t=2026-01-01 00:01:16 boundary=32 7->node1057@s32, 12->node1061@s32, 19->node1069@s32
OVERLOAD_SPLIT scan=39 cluster=0 track_ids=[7, 12, 19, 52, 53, 54, 55, 56] projected_before=958464 threshold=500000 split_ops=8 stop=greedy_partition removed_edges=[7-53:1, 7-56:1, 12-54:1, 12-55:1, 19-55:1, 19-56:1, 52-53:1, 52-56:1] subclusters=[[7, 52], [12, 19, 53, 54, 55, 56]] projected_after=[64, 14976] branches=0 empty_branches=0 recomb_considered=100 recomb_infeasible=0 branch_recomb_retained=10 recomb_failures=0 recursive_cache_hits=0 recursive_cache_misses=5 max_recursion_depth=1 max_cut_key_count=1 total_interface_assignments=0 max_recombination_product_size=100 final_recomb_retained=10 interface_assignment_cap_fallbacks=0 greedy_splits=1 greedy_fallbacks=0 greedy_assign_l=1 greedy_assign_r=0 greedy_assign_none=0 greedy_released=0
TRACK_LIFECYCLE mode=map_leaf score_threshold=-4.59512 miss_threshold=7 terminated=[52, 54] reasons=score:[52, 54]
SCAN scan=39 t=2026-01-01 00:01:18 det=12 trees=9 leaves=19 tentative=4 confirmed=5 clusters=4 comb_eval=1809 comb_feas=87 rebuilt_globals=13 split_clusters=1 split_ops=8 nscan boundary=33 in_scope=3 committed_now=3 committed_total=6 disagree=0 births cand=8 tracks_created=3 tracks_kept=2 MAP tracks=9 published=5 unpublished=4 used=6 unused=6 hit_rate=0.75
SCAN_TIMING t=2026-01-01 00:01:18 wall_ms=21.444
SCAN_TIMING_PHASES t=2026-01-01 00:01:18 prep_ctx_ms=0.030 pre_expand_validate_ms=0.001 expand_ms=8.931 expand_hypothesise_calls=23 expand_hypothesise_ms=7.505 expand_update_calls=29 expand_update_ms=0.730 expand_other_ms=0.695 post_expand_prune_validate_ms=0.003 births_ms=10.066 cluster_build_solve_ms=2.294 post_solve_prune_ms=0.014 map_merge_ms=0.001 nscan_lifecycle_ms=0.069 cleanup_ms=0.031 other_ms=0.002
SCAN_MEMORY t=2026-01-01 00:01:18 nodes=59 maxrss_mb=132.7
SCAN_NSCAN_COMMITTED scan=39 t=2026-01-01 00:01:18 boundary=33 7->node1101@s33, 12->node1103@s33, 19->node1115@s33
TRACK_LIFECYCLE mode=map_leaf score_threshold=-4.59512 miss_threshold=7 terminated=[55, 57] reasons=score:[55, 57]
SCAN scan=40 t=2026-01-01 00:01:20 det=13 trees=9 leaves=18 tentative=4 confirmed=5 clusters=6 comb_eval=4365 comb_feas=32 rebuilt_globals=15 split_clusters=0 split_ops=0 nscan boundary=34 in_scope=3 committed_now=3 committed_total=6 disagree=0 births cand=10 tracks_created=2 tracks_kept=2 MAP tracks=9 published=5 unpublished=4 used=5 unused=8 hit_rate=0.73
SCAN_TIMING t=2026-01-01 00:01:20 wall_ms=17.143
SCAN_TIMING_PHASES t=2026-01-01 00:01:20 prep_ctx_ms=0.034 pre_expand_validate_ms=0.002 expand_ms=7.091 expand_hypothesise_calls=19 expand_hypothesise_ms=6.094 expand_update_calls=19 expand_update_ms=0.468 expand_other_ms=0.529 post_expand_prune_validate_ms=0.003 births_ms=9.249 cluster_build_solve_ms=0.639 post_solve_prune_ms=0.013 map_merge_ms=0.001 nscan_lifecycle_ms=0.077 cleanup_ms=0.031 other_ms=0.002
SCAN_MEMORY t=2026-01-01 00:01:20 nodes=53 maxrss_mb=133.0
SCAN_NSCAN_COMMITTED scan=40 t=2026-01-01 00:01:20 boundary=34 7->node1137@s34, 12->node1141@s34, 19->node1159@s34
TRACK_LIFECYCLE mode=map_leaf score_threshold=-4.59512 miss_threshold=7 terminated=[56, 58, 59] reasons=score:[56, 58, 59]
SCAN scan=41 t=2026-01-01 00:01:22 det=5 trees=7 leaves=19 tentative=3 confirmed=4 clusters=6 comb_eval=1497 comb_feas=36 rebuilt_globals=15 split_clusters=0 split_ops=0 nscan boundary=35 in_scope=3 committed_now=3 committed_total=6 disagree=0 births cand=2 tracks_created=1 tracks_kept=1 MAP tracks=7 published=4 unpublished=3 used=4 unused=1 hit_rate=0.75
SCAN_TIMING t=2026-01-01 00:01:22 wall_ms=14.401
SCAN_TIMING_PHASES t=2026-01-01 00:01:22 prep_ctx_ms=0.017 pre_expand_validate_ms=0.002 expand_ms=6.093 expand_hypothesise_calls=18 expand_hypothesise_ms=5.254 expand_update_calls=14 expand_update_ms=0.352 expand_other_ms=0.486 post_expand_prune_validate_ms=0.003 births_ms=7.770 cluster_build_solve_ms=0.403 post_solve_prune_ms=0.012 map_merge_ms=0.001 nscan_lifecycle_ms=0.074 cleanup_ms=0.024 other_ms=0.002
SCAN_MEMORY t=2026-01-01 00:01:22 nodes=58 maxrss_mb=133.3
SCAN_NSCAN_COMMITTED scan=41 t=2026-01-01 00:01:22 boundary=35 7->node1190@s35, 12->node1192@s35, 19->node1210@s35
TRACK_LIFECYCLE mode=map_leaf score_threshold=-4.59512 miss_threshold=7 terminated=[60, 61] reasons=score:[60, 61]
SCAN scan=42 t=2026-01-01 00:01:24 det=13 trees=6 leaves=21 tentative=2 confirmed=4 clusters=5 comb_eval=778 comb_feas=22 rebuilt_globals=14 split_clusters=0 split_ops=0 nscan boundary=36 in_scope=3 committed_now=3 committed_total=6 disagree=0 births cand=9 tracks_created=1 tracks_kept=1 MAP tracks=6 published=4 unpublished=2 used=4 unused=9 hit_rate=0.78
SCAN_TIMING t=2026-01-01 00:01:24 wall_ms=16.132
SCAN_TIMING_PHASES t=2026-01-01 00:01:24 prep_ctx_ms=0.032 pre_expand_validate_ms=0.001 expand_ms=6.819 expand_hypothesise_calls=19 expand_hypothesise_ms=5.971 expand_update_calls=14 expand_update_ms=0.341 expand_other_ms=0.507 post_expand_prune_validate_ms=0.003 births_ms=8.829 cluster_build_solve_ms=0.330 post_solve_prune_ms=0.011 map_merge_ms=0.001 nscan_lifecycle_ms=0.075 cleanup_ms=0.027 other_ms=0.002
SCAN_MEMORY t=2026-01-01 00:01:24 nodes=69 maxrss_mb=133.6
SCAN_NSCAN_COMMITTED scan=42 t=2026-01-01 00:01:24 boundary=36 7->node1238@s36, 12->node1240@s36, 19->node1258@s36
TRACK_LIFECYCLE mode=map_leaf score_threshold=-4.59512 miss_threshold=7 terminated=[62] reasons=score:[62]
SCAN scan=43 t=2026-01-01 00:01:26 det=14 trees=7 leaves=23 tentative=3 confirmed=4 clusters=4 comb_eval=1390 comb_feas=36 rebuilt_globals=13 split_clusters=0 split_ops=0 nscan boundary=37 in_scope=4 committed_now=4 committed_total=7 disagree=0 births cand=11 tracks_created=4 tracks_kept=2 MAP tracks=7 published=4 unpublished=3 used=5 unused=9 hit_rate=0.81
SCAN_TIMING t=2026-01-01 00:01:26 wall_ms=17.681
SCAN_TIMING_PHASES t=2026-01-01 00:01:26 prep_ctx_ms=0.035 pre_expand_validate_ms=0.001 expand_ms=7.688 expand_hypothesise_calls=21 expand_hypothesise_ms=6.670 expand_update_calls=17 expand_update_ms=0.429 expand_other_ms=0.588 post_expand_prune_validate_ms=0.003 births_ms=9.419 cluster_build_solve_ms=0.410 post_solve_prune_ms=0.011 map_merge_ms=0.001 nscan_lifecycle_ms=0.075 cleanup_ms=0.037 other_ms=0.002
SCAN_MEMORY t=2026-01-01 00:01:26 nodes=85 maxrss_mb=133.9
SCAN_NSCAN_COMMITTED scan=43 t=2026-01-01 00:01:26 boundary=37 7->node1272@s37, 12->node1276@s37, 19->node1280@s37, 53->node1305@s37
TRACK_LIFECYCLE mode=map_leaf score_threshold=-4.59512 miss_threshold=7 terminated=[53, 63] reasons=score:[53, 63]
SCAN scan=44 t=2026-01-01 00:01:28 det=15 trees=7 leaves=13 tentative=4 confirmed=3 clusters=6 comb_eval=771 comb_feas=30 rebuilt_globals=15 split_clusters=0 split_ops=0 nscan boundary=38 in_scope=4 committed_now=4 committed_total=7 disagree=4 births cand=12 tracks_created=3 tracks_kept=2 MAP tracks=7 published=3 unpublished=4 used=5 unused=10 hit_rate=0.84
SCAN_TIMING t=2026-01-01 00:01:28 wall_ms=16.878
SCAN_TIMING_PHASES t=2026-01-01 00:01:28 prep_ctx_ms=0.036 pre_expand_validate_ms=0.001 expand_ms=8.413 expand_hypothesise_calls=23 expand_hypothesise_ms=7.453 expand_update_calls=14 expand_update_ms=0.354 expand_other_ms=0.606 post_expand_prune_validate_ms=0.003 births_ms=7.933 cluster_build_solve_ms=0.361 post_solve_prune_ms=0.013 map_merge_ms=0.002 nscan_lifecycle_ms=0.085 cleanup_ms=0.027 other_ms=0.002
SCAN_MEMORY t=2026-01-01 00:01:28 nodes=48 maxrss_mb=134.2
SCAN_NSCAN_COMMITTED scan=44 t=2026-01-01 00:01:28 boundary=38 7->node1308@s38, 12->node1312@s38, 19->node1316@s38, 53->node1334@s38
TRACK_LIFECYCLE mode=map_leaf score_threshold=-4.59512 miss_threshold=7 terminated=[64] reasons=score:[64]
SCAN scan=45 t=2026-01-01 00:01:30 det=10 trees=8 leaves=21 tentative=5 confirmed=3 clusters=5 comb_eval=92 comb_feas=31 rebuilt_globals=23 split_clusters=0 split_ops=0 nscan boundary=39 in_scope=3 committed_now=3 committed_total=7 disagree=0 births cand=6 tracks_created=5 tracks_kept=2 MAP tracks=8 published=3 unpublished=5 used=5 unused=5 hit_rate=0.78
SCAN_TIMING t=2026-01-01 00:01:30 wall_ms=12.223
SCAN_TIMING_PHASES t=2026-01-01 00:01:30 prep_ctx_ms=0.026 pre_expand_validate_ms=0.001 expand_ms=4.746 expand_hypothesise_calls=13 expand_hypothesise_ms=3.993 expand_update_calls=14 expand_update_ms=0.349 expand_other_ms=0.403 post_expand_prune_validate_ms=0.003 births_ms=6.997 cluster_build_solve_ms=0.302 post_solve_prune_ms=0.014 map_merge_ms=0.002 nscan_lifecycle_ms=0.103 cleanup_ms=0.027 other_ms=0.002
SCAN_MEMORY t=2026-01-01 00:01:30 nodes=60 maxrss_mb=134.6
SCAN_NSCAN_COMMITTED scan=45 t=2026-01-01 00:01:30 boundary=39 7->node1342@s39, 12->node1350@s39, 19->node1356@s39
TRACK_LIFECYCLE mode=map_leaf score_threshold=-4.59512 miss_threshold=7 terminated=[67] reasons=score:[67]
SCAN scan=46 t=2026-01-01 00:01:32 det=16 trees=7 leaves=25 tentative=4 confirmed=3 clusters=4 comb_eval=731 comb_feas=44 rebuilt_globals=22 split_clusters=0 split_ops=0 nscan boundary=40 in_scope=3 committed_now=3 committed_total=7 disagree=2 births cand=13 tracks_created=0 tracks_kept=0 MAP tracks=7 published=3 unpublished=4 used=3 unused=13 hit_rate=0.64
SCAN_TIMING t=2026-01-01 00:01:32 wall_ms=15.585
SCAN_TIMING_PHASES t=2026-01-01 00:01:32 prep_ctx_ms=0.040 pre_expand_validate_ms=0.001 expand_ms=8.117 expand_hypothesise_calls=21 expand_hypothesise_ms=7.035 expand_update_calls=19 expand_update_ms=0.483 expand_other_ms=0.599 post_expand_prune_validate_ms=0.003 births_ms=6.924 cluster_build_solve_ms=0.384 post_solve_prune_ms=0.013 map_merge_ms=0.001 nscan_lifecycle_ms=0.072 cleanup_ms=0.028 other_ms=0.002
SCAN_MEMORY t=2026-01-01 00:01:32 nodes=70 maxrss_mb=134.9
SCAN_NSCAN_COMMITTED scan=46 t=2026-01-01 00:01:32 boundary=40 7->node1396@s40, 12->node1400@s40, 19->node1405@s40
TRACK_LIFECYCLE mode=map_leaf score_threshold=-4.59512 miss_threshold=7 terminated=[65, 66, 68, 69] reasons=score:[65, 66, 68, 69]
SCAN scan=47 t=2026-01-01 00:01:34 det=17 trees=5 leaves=17 tentative=2 confirmed=3 clusters=6 comb_eval=735 comb_feas=48 rebuilt_globals=24 split_clusters=0 split_ops=0 nscan boundary=41 in_scope=3 committed_now=3 committed_total=7 disagree=3 births cand=14 tracks_created=4 tracks_kept=2 MAP tracks=5 published=3 unpublished=2 used=5 unused=12 hit_rate=0.98
SCAN_TIMING t=2026-01-01 00:01:34 wall_ms=19.887
SCAN_TIMING_PHASES t=2026-01-01 00:01:34 prep_ctx_ms=0.043 pre_expand_validate_ms=0.002 expand_ms=9.330 expand_hypothesise_calls=25 expand_hypothesise_ms=8.182 expand_update_calls=18 expand_update_ms=0.459 expand_other_ms=0.689 post_expand_prune_validate_ms=0.003 births_ms=9.951 cluster_build_solve_ms=0.437 post_solve_prune_ms=0.013 map_merge_ms=0.001 nscan_lifecycle_ms=0.083 cleanup_ms=0.022 other_ms=0.002
SCAN_MEMORY t=2026-01-01 00:01:34 nodes=55 maxrss_mb=135.3
SCAN_NSCAN_COMMITTED scan=47 t=2026-01-01 00:01:34 boundary=41 7->node1436@s41, 12->node1438@s41, 19->node1444@s41
SCAN scan=48 t=2026-01-01 00:01:36 det=13 trees=7 leaves=30 tentative=4 confirmed=3 clusters=7 comb_eval=31 comb_feas=30 rebuilt_globals=30 split_clusters=0 split_ops=0 nscan boundary=42 in_scope=3 committed_now=3 committed_total=7 disagree=0 births cand=10 tracks_created=3 tracks_kept=2 MAP tracks=7 published=3 unpublished=4 used=5 unused=8 hit_rate=0.84
SCAN_TIMING t=2026-01-01 00:01:36 wall_ms=16.273
SCAN_TIMING_PHASES t=2026-01-01 00:01:36 prep_ctx_ms=0.032 pre_expand_validate_ms=0.002 expand_ms=6.295 expand_hypothesise_calls=17 expand_hypothesise_ms=5.411 expand_update_calls=15 expand_update_ms=0.373 expand_other_ms=0.511 post_expand_prune_validate_ms=0.003 births_ms=9.532 cluster_build_solve_ms=0.282 post_solve_prune_ms=0.011 map_merge_ms=0.001 nscan_lifecycle_ms=0.087 cleanup_ms=0.027 other_ms=0.002
SCAN_MEMORY t=2026-01-01 00:01:36 nodes=82 maxrss_mb=135.6
SCAN_NSCAN_COMMITTED scan=48 t=2026-01-01 00:01:36 boundary=42 7->node1469@s42, 12->node1471@s42, 19->node1477@s42
TRACK_LIFECYCLE mode=map_leaf score_threshold=-4.59512 miss_threshold=7 terminated=[70, 71] reasons=score:[70, 71]
SCAN scan=49 t=2026-01-01 00:01:38 det=13 trees=7 leaves=33 tentative=4 confirmed=3 clusters=8 comb_eval=69 comb_feas=43 rebuilt_globals=35 split_clusters=0 split_ops=0 nscan boundary=43 in_scope=3 committed_now=3 committed_total=7 disagree=1 births cand=10 tracks_created=3 tracks_kept=2 MAP tracks=7 published=3 unpublished=4 used=5 unused=8 hit_rate=0.84
SCAN_TIMING t=2026-01-01 00:01:38 wall_ms=21.801
SCAN_TIMING_PHASES t=2026-01-01 00:01:38 prep_ctx_ms=0.033 pre_expand_validate_ms=0.002 expand_ms=10.839 expand_hypothesise_calls=30 expand_hypothesise_ms=9.301 expand_update_calls=27 expand_update_ms=0.668 expand_other_ms=0.870 post_expand_prune_validate_ms=0.003 births_ms=10.354 cluster_build_solve_ms=0.435 post_solve_prune_ms=0.013 map_merge_ms=0.002 nscan_lifecycle_ms=0.082 cleanup_ms=0.037 other_ms=0.002
SCAN_MEMORY t=2026-01-01 00:01:38 nodes=96 maxrss_mb=136.0
SCAN_NSCAN_COMMITTED scan=49 t=2026-01-01 00:01:38 boundary=43 7->node1503@s43, 12->node1505@s43, 19->node1509@s43
SUMMARY scans=50 det_total=598 det_mean=11.96
SUMMARY trees active med=7.0 max=10 tentative med=3.0 max=5 confirmed med=4.0 max=7 leaves med=18.5 max=33
SUMMARY clusters count med=4.0 max=8 comb_eval med=774.5 max=16976 comb_feas med=36.0 max=116 globals med=13.0 max=35 split_clusters med=0.0 max=1 split_ops med=0.0 max=14
SUMMARY timing scan_wall_ms med=15.0 mean=14.7 p65=16.8 p80=18.1 p90=19.9 p95=20.6 max=21.8
SUMMARY timing_phases prep_ctx_ms med=0.0 p65=0.0 p80=0.0 p90=0.0 p95=0.0 max=0.0 pre_expand_validate_ms med=0.0 p65=0.0 p80=0.0 p90=0.0 p95=0.0 max=0.0 expand_ms med=6.6 p65=7.7 p80=8.5 p90=9.3 p95=9.5 max=10.8 expand_hypothesise_ms med=5.7 p65=6.7 p80=7.5 p90=7.8 p95=8.1 max=9.3 expand_update_ms med=0.4 p65=0.5 p80=0.6 p90=0.7 p95=0.7 max=0.8 expand_other_ms med=0.5 p65=0.6 p80=0.7 p90=0.7 p95=0.7 max=0.9 expand_hypothesise_calls med=18.0 mean=16.92 max=30.0 expand_update_calls med=17.0 mean=17.34 max=32.0 post_expand_prune_validate_ms med=0.0 p65=0.0 p80=0.0 p90=0.0 p95=0.0 max=0.0 births_ms med=7.8 p65=8.8 p80=9.3 p90=9.8 p95=10.2 max=12.7 cluster_build_solve_ms med=0.4 p65=0.5 p80=0.7 p90=1.1 p95=1.3 max=2.3 post_solve_prune_ms med=0.0 p65=0.0 p80=0.0 p90=0.0 p95=0.0 max=0.0 map_merge_ms med=0.0 p65=0.0 p80=0.0 p90=0.0 p95=0.0 max=0.0 nscan_lifecycle_ms med=0.1 p65=0.1 p80=0.1 p90=0.1 p95=0.1 max=0.1 cleanup_ms med=0.0 p65=0.0 p80=0.0 p90=0.0 p95=0.0 max=0.0 other_ms med=0.0 p65=0.0 p80=0.0 p90=0.0 p95=0.0 max=0.0
SUMMARY memory nodes_total med=52.5 max=96 maxrss_mb final=136.0 peak=136.0
SUMMARY births candidates med=9.0 max=19 tracks_created med=2.0 mean=2.24 max=6 tracks_kept med=2.0 mean=1.52 max=2
SUMMARY nscan tracks_in_scope med=3.0 mean=2.14 committed_now med=3.0 mean=2.14 disagreement med=0.0 mean=0.24 max=4 latest_boundary=43 committed_tracks_total=7
SUMMARY map tracks med=7.0 mean=6.68 published med=4.0 mean=3.84 unpublished med=3.0 mean=2.84 used med=5.0 mean=4.16 unused med=8.0 mean=7.80 hit_rate mean=0.747 miss_hist={0: 208, 1: 82, 2: 27, 3: 11, 4: 3, 5: 2, 6: 1}
Animation display disabled via TOMHT_NO_SHOW.
