[Scoring] nll: prob_detect=0.9, clutter_density=0.004081632653061225, log_hit_base=+5.396, log_miss=-2.303
OPERATING_MODE setup=crossing resolved=CUSTOM requested=CUSTOM scenario_start_time=2026-01-01 00:00:00 births=on external_starts=off external_start_timing=off external_start_timing_source=disabled
SCAN scan=0 t=2026-01-01 00:00:00 det=5 trees=2 leaves=2 tentative=2 confirmed=0 clusters=2 comb_eval=2 comb_feas=2 rebuilt_globals=2 split_clusters=0 split_ops=0 nscan boundary=-6 in_scope=0 committed_now=0 committed_total=0 disagree=0 births cand=5 tracks_created=5 tracks_kept=2 MAP tracks=2 published=0 unpublished=2 used=2 unused=3 hit_rate=1.00
SCAN_TIMING t=2026-01-01 00:00:00 wall_ms=0.587
SCAN_TIMING_PHASES t=2026-01-01 00:00:00 prep_ctx_ms=0.024 pre_expand_validate_ms=0.003 expand_ms=0.006 expand_hypothesise_calls=0 expand_hypothesise_ms=0.000 expand_update_calls=0 expand_update_ms=0.000 expand_other_ms=0.006 post_expand_prune_validate_ms=0.003 births_ms=0.431 cluster_build_solve_ms=0.082 post_solve_prune_ms=0.007 map_merge_ms=0.002 nscan_lifecycle_ms=0.023 cleanup_ms=0.004 other_ms=0.003
SCAN_MEMORY t=2026-01-01 00:00:00 nodes=2 maxrss_mb=124.1
SCAN scan=1 t=2026-01-01 00:00:01 det=9 trees=4 leaves=7 tentative=4 confirmed=0 clusters=4 comb_eval=7 comb_feas=7 rebuilt_globals=7 split_clusters=0 split_ops=0 nscan boundary=-5 in_scope=0 committed_now=0 committed_total=0 disagree=0 births cand=6 tracks_created=6 tracks_kept=2 MAP tracks=4 published=0 unpublished=4 used=4 unused=5 hit_rate=1.00
SCAN_TIMING t=2026-01-01 00:00:01 wall_ms=1.280
SCAN_TIMING_PHASES t=2026-01-01 00:00:01 prep_ctx_ms=0.026 pre_expand_validate_ms=0.002 expand_ms=0.761 expand_hypothesise_calls=2 expand_hypothesise_ms=0.597 expand_update_calls=3 expand_update_ms=0.078 expand_other_ms=0.087 post_expand_prune_validate_ms=0.003 births_ms=0.349 cluster_build_solve_ms=0.101 post_solve_prune_ms=0.007 map_merge_ms=0.001 nscan_lifecycle_ms=0.023 cleanup_ms=0.005 other_ms=0.002
SCAN_MEMORY t=2026-01-01 00:00:01 nodes=9 maxrss_mb=124.1
SCAN scan=2 t=2026-01-01 00:00:02 det=8 trees=6 leaves=17 tentative=5 confirmed=1 clusters=3 comb_eval=156 comb_feas=47 rebuilt_globals=22 split_clusters=0 split_ops=0 nscan boundary=-4 in_scope=0 committed_now=0 committed_total=0 disagree=0 births cand=2 tracks_created=2 tracks_kept=2 MAP tracks=6 published=1 unpublished=5 used=5 unused=3 hit_rate=0.92
SCAN_TIMING t=2026-01-01 00:00:02 wall_ms=2.538
SCAN_TIMING_PHASES t=2026-01-01 00:00:02 prep_ctx_ms=0.022 pre_expand_validate_ms=0.001 expand_ms=2.084 expand_hypothesise_calls=7 expand_hypothesise_ms=1.440 expand_update_calls=19 expand_update_ms=0.394 expand_other_ms=0.250 post_expand_prune_validate_ms=0.003 births_ms=0.142 cluster_build_solve_ms=0.232 post_solve_prune_ms=0.011 map_merge_ms=0.001 nscan_lifecycle_ms=0.024 cleanup_ms=0.015 other_ms=0.002
SCAN_MEMORY t=2026-01-01 00:00:02 nodes=25 maxrss_mb=124.1
SCAN scan=3 t=2026-01-01 00:00:03 det=4 trees=6 leaves=17 tentative=5 confirmed=1 clusters=3 comb_eval=510 comb_feas=57 rebuilt_globals=22 split_clusters=0 split_ops=0 nscan boundary=-3 in_scope=0 committed_now=0 committed_total=0 disagree=0 births cand=0 tracks_created=0 tracks_kept=0 MAP tracks=6 published=1 unpublished=5 used=3 unused=1 hit_rate=0.68
SCAN_TIMING t=2026-01-01 00:00:03 wall_ms=3.945
SCAN_TIMING_PHASES t=2026-01-01 00:00:03 prep_ctx_ms=0.014 pre_expand_validate_ms=0.001 expand_ms=3.579 expand_hypothesise_calls=17 expand_hypothesise_ms=2.653 expand_update_calls=24 expand_update_ms=0.490 expand_other_ms=0.436 post_expand_prune_validate_ms=0.003 births_ms=0.008 cluster_build_solve_ms=0.280 post_solve_prune_ms=0.012 map_merge_ms=0.001 nscan_lifecycle_ms=0.024 cleanup_ms=0.021 other_ms=0.002
SCAN_MEMORY t=2026-01-01 00:00:03 nodes=37 maxrss_mb=124.1
SCAN scan=4 t=2026-01-01 00:00:04 det=8 trees=7 leaves=18 tentative=5 confirmed=2 clusters=2 comb_eval=534 comb_feas=56 rebuilt_globals=21 split_clusters=0 split_ops=0 nscan boundary=-2 in_scope=0 committed_now=0 committed_total=0 disagree=0 births cand=1 tracks_created=1 tracks_kept=1 MAP tracks=7 published=2 unpublished=5 used=7 unused=1 hit_rate=0.77
SCAN_TIMING t=2026-01-01 00:00:04 wall_ms=4.466
SCAN_TIMING_PHASES t=2026-01-01 00:00:04 prep_ctx_ms=0.021 pre_expand_validate_ms=0.001 expand_ms=3.875 expand_hypothesise_calls=17 expand_hypothesise_ms=2.921 expand_update_calls=24 expand_update_ms=0.494 expand_other_ms=0.460 post_expand_prune_validate_ms=0.002 births_ms=0.089 cluster_build_solve_ms=0.410 post_solve_prune_ms=0.013 map_merge_ms=0.001 nscan_lifecycle_ms=0.027 cleanup_ms=0.022 other_ms=0.002
SCAN_MEMORY t=2026-01-01 00:00:04 nodes=45 maxrss_mb=124.2
SCAN scan=5 t=2026-01-01 00:00:05 det=6 trees=7 leaves=14 tentative=4 confirmed=3 clusters=1 comb_eval=2444 comb_feas=53 rebuilt_globals=20 split_clusters=0 split_ops=0 nscan boundary=-1 in_scope=0 committed_now=0 committed_total=0 disagree=0 births cand=0 tracks_created=0 tracks_kept=0 MAP tracks=7 published=3 unpublished=4 used=3 unused=3 hit_rate=0.67
SCAN_TIMING t=2026-01-01 00:00:05 wall_ms=5.368
SCAN_TIMING_PHASES t=2026-01-01 00:00:05 prep_ctx_ms=0.019 pre_expand_validate_ms=0.001 expand_ms=3.727 expand_hypothesise_calls=18 expand_hypothesise_ms=2.797 expand_update_calls=23 expand_update_ms=0.466 expand_other_ms=0.463 post_expand_prune_validate_ms=0.003 births_ms=0.008 cluster_build_solve_ms=1.544 post_solve_prune_ms=0.013 map_merge_ms=0.001 nscan_lifecycle_ms=0.026 cleanup_ms=0.025 other_ms=0.002
SCAN_MEMORY t=2026-01-01 00:00:05 nodes=50 maxrss_mb=124.5
TRACK_LIFECYCLE mode=map_leaf score_threshold=-4.59512 miss_threshold=7 terminated=[5] reasons=score:[5]
SCAN scan=6 t=2026-01-01 00:00:06 det=7 trees=8 leaves=17 tentative=5 confirmed=3 clusters=4 comb_eval=964 comb_feas=59 rebuilt_globals=24 split_clusters=0 split_ops=0 nscan boundary=0 in_scope=0 committed_now=0 committed_total=0 disagree=0 births cand=2 tracks_created=2 tracks_kept=2 MAP tracks=8 published=3 unpublished=5 used=5 unused=2 hit_rate=0.76
SCAN_TIMING t=2026-01-01 00:00:06 wall_ms=3.753
SCAN_TIMING_PHASES t=2026-01-01 00:00:06 prep_ctx_ms=0.020 pre_expand_validate_ms=0.001 expand_ms=3.030 expand_hypothesise_calls=14 expand_hypothesise_ms=2.267 expand_update_calls=18 expand_update_ms=0.377 expand_other_ms=0.385 post_expand_prune_validate_ms=0.003 births_ms=0.150 cluster_build_solve_ms=0.457 post_solve_prune_ms=0.013 map_merge_ms=0.001 nscan_lifecycle_ms=0.053 cleanup_ms=0.024 other_ms=0.002
SCAN_MEMORY t=2026-01-01 00:00:06 nodes=61 maxrss_mb=124.8
TRACK_LIFECYCLE mode=map_leaf score_threshold=-4.59512 miss_threshold=7 terminated=[2] reasons=score:[2]
SCAN scan=7 t=2026-01-01 00:00:07 det=8 trees=9 leaves=17 tentative=5 confirmed=4 clusters=3 comb_eval=2268 comb_feas=100 rebuilt_globals=22 split_clusters=0 split_ops=0 nscan boundary=1 in_scope=2 committed_now=2 committed_total=2 disagree=8 births cand=3 tracks_created=3 tracks_kept=2 MAP tracks=9 published=4 unpublished=5 used=5 unused=3 hit_rate=0.77
SCAN_TIMING t=2026-01-01 00:00:07 wall_ms=4.533
SCAN_TIMING_PHASES t=2026-01-01 00:00:07 prep_ctx_ms=0.021 pre_expand_validate_ms=0.001 expand_ms=3.591 expand_hypothesise_calls=17 expand_hypothesise_ms=2.784 expand_update_calls=17 expand_update_ms=0.360 expand_other_ms=0.446 post_expand_prune_validate_ms=0.002 births_ms=0.197 cluster_build_solve_ms=0.606 post_solve_prune_ms=0.015 map_merge_ms=0.001 nscan_lifecycle_ms=0.076 cleanup_ms=0.021 other_ms=0.002
SCAN_MEMORY t=2026-01-01 00:00:07 nodes=49 maxrss_mb=125.1
SCAN_NSCAN_COMMITTED scan=7 t=2026-01-01 00:00:07 boundary=1 0->node2@s1, 1->node5@s1
SCAN scan=8 t=2026-01-01 00:00:08 det=7 trees=11 leaves=22 tentative=7 confirmed=4 clusters=3 comb_eval=7282 comb_feas=96 rebuilt_globals=22 split_clusters=0 split_ops=0 nscan boundary=2 in_scope=3 committed_now=3 committed_total=3 disagree=0 births cand=2 tracks_created=2 tracks_kept=2 MAP tracks=11 published=4 unpublished=7 used=5 unused=2 hit_rate=0.70
SCAN_TIMING t=2026-01-01 00:00:08 wall_ms=5.096
SCAN_TIMING_PHASES t=2026-01-01 00:00:08 prep_ctx_ms=0.020 pre_expand_validate_ms=0.001 expand_ms=3.888 expand_hypothesise_calls=17 expand_hypothesise_ms=2.879 expand_update_calls=24 expand_update_ms=0.532 expand_other_ms=0.477 post_expand_prune_validate_ms=0.003 births_ms=0.143 cluster_build_solve_ms=0.916 post_solve_prune_ms=0.019 map_merge_ms=0.001 nscan_lifecycle_ms=0.073 cleanup_ms=0.029 other_ms=0.002
SCAN_MEMORY t=2026-01-01 00:00:08 nodes=65 maxrss_mb=125.5
SCAN_NSCAN_COMMITTED scan=8 t=2026-01-01 00:00:08 boundary=2 0->node9@s2, 1->node20@s2, 3->node33@s2
OVERLOAD_SPLIT scan=9 cluster=0 track_ids=[0, 1, 3, 4, 6, 7, 8, 9, 10] projected_before=9622800 threshold=500000 split_ops=21 stop=recursive_conditioning removed_edges=[0-4:1, 3-4:1, 0-1:2, 0-7:2, 0-8:2, 0-9:2, 0-10:2, 1-3:2, 1-6:2, 1-7:2, 1-8:2, 1-9:2, 1-10:2, 3-9:2, 3-10:2, 3-7:3, 3-8:3, 6-7:3, 6-8:3, 6-9:3, 6-10:3] subclusters=[[0, 3, 6], [0, 3, 6, 7, 8, 9, 10], [1], [4], [7, 8, 9, 10]] projected_after=[990, 1069200, 3, 3, 1080] branches=183 empty_branches=0 recomb_considered=63300 recomb_infeasible=0 branch_recomb_retained=3660 recomb_failures=0 recursive_cache_hits=282 recursive_cache_misses=85 max_recursion_depth=3 max_cut_key_count=4 total_interface_assignments=183 max_recombination_product_size=400 final_recomb_retained=20 interface_assignment_cap_fallbacks=0
TRACK_LIFECYCLE mode=map_leaf score_threshold=-4.59512 miss_threshold=7 terminated=[3, 4] reasons=score:[3, 4]
SCAN scan=9 t=2026-01-01 00:00:09 det=7 trees=9 leaves=18 tentative=5 confirmed=4 clusters=3 comb_eval=113352 comb_feas=6629 rebuilt_globals=23 split_clusters=1 split_ops=21 nscan boundary=3 in_scope=4 committed_now=4 committed_total=4 disagree=0 births cand=0 tracks_created=0 tracks_kept=0 MAP tracks=9 published=4 unpublished=5 used=5 unused=2 hit_rate=0.68
SCAN_TIMING t=2026-01-01 00:00:09 wall_ms=296.973
SCAN_TIMING_PHASES t=2026-01-01 00:00:09 prep_ctx_ms=0.019 pre_expand_validate_ms=0.001 expand_ms=5.411 expand_hypothesise_calls=22 expand_hypothesise_ms=3.900 expand_update_calls=40 expand_update_ms=0.831 expand_other_ms=0.680 post_expand_prune_validate_ms=0.003 births_ms=0.012 cluster_build_solve_ms=291.364 post_solve_prune_ms=0.023 map_merge_ms=0.001 nscan_lifecycle_ms=0.091 cleanup_ms=0.045 other_ms=0.003
SCAN_MEMORY t=2026-01-01 00:00:09 nodes=53 maxrss_mb=128.1
SCAN_NSCAN_COMMITTED scan=9 t=2026-01-01 00:00:09 boundary=3 0->node37@s3, 1->node59@s3, 3->node71@s3, 4->node76@s3
OVERLOAD_SPLIT scan=10 cluster=0 track_ids=[0, 1, 6, 7, 8, 9, 10, 11, 12] projected_before=2916000 threshold=500000 split_ops=16 stop=recursive_conditioning removed_edges=[0-1:1, 0-6:1, 0-9:1, 0-11:1, 1-6:1, 1-9:1, 1-11:1, 6-10:1, 6-12:1, 7-11:1, 8-9:1, 8-11:1, 9-11:1, 6-8:2, 6-9:2, 7-9:2] subclusters=[[0], [1], [1, 6, 7, 8, 9, 10, 11, 12], [6, 7, 8, 9, 10, 11, 12], [6, 7, 8, 11], [9, 10, 12]] projected_after=[2, 2, 1458000, 729000, 4860, 150] branches=87 empty_branches=0 recomb_considered=32560 recomb_infeasible=0 branch_recomb_retained=1740 recomb_failures=0 recursive_cache_hits=134 recursive_cache_misses=41 max_recursion_depth=3 max_cut_key_count=4 total_interface_assignments=87 max_recombination_product_size=400 final_recomb_retained=20 interface_assignment_cap_fallbacks=0
TRACK_LIFECYCLE mode=map_leaf score_threshold=-4.59512 miss_threshold=7 terminated=[6, 7] reasons=score:[6, 7]
SCAN scan=10 t=2026-01-01 00:00:10 det=11 trees=7 leaves=14 tentative=4 confirmed=3 clusters=1 comb_eval=39081 comb_feas=3032 rebuilt_globals=20 split_clusters=1 split_ops=16 nscan boundary=4 in_scope=2 committed_now=2 committed_total=4 disagree=0 births cand=0 tracks_created=0 tracks_kept=0 MAP tracks=7 published=3 unpublished=4 used=5 unused=6 hit_rate=0.73
SCAN_TIMING t=2026-01-01 00:00:10 wall_ms=141.729
SCAN_TIMING_PHASES t=2026-01-01 00:00:10 prep_ctx_ms=0.036 pre_expand_validate_ms=0.002 expand_ms=5.070 expand_hypothesise_calls=18 expand_hypothesise_ms=3.719 expand_update_calls=36 expand_update_ms=0.740 expand_other_ms=0.610 post_expand_prune_validate_ms=0.003 births_ms=0.014 cluster_build_solve_ms=136.484 post_solve_prune_ms=0.018 map_merge_ms=0.001 nscan_lifecycle_ms=0.069 cleanup_ms=0.030 other_ms=0.002
SCAN_MEMORY t=2026-01-01 00:00:10 nodes=44 maxrss_mb=128.2
SCAN_NSCAN_COMMITTED scan=10 t=2026-01-01 00:00:10 boundary=4 0->node78@s4, 1->node83@s4
TRACK_LIFECYCLE mode=map_leaf score_threshold=-4.59512 miss_threshold=7 terminated=[8, 9] reasons=score:[8, 9]
SCAN scan=11 t=2026-01-01 00:00:11 det=7 trees=5 leaves=14 tentative=3 confirmed=2 clusters=4 comb_eval=853 comb_feas=65 rebuilt_globals=25 split_clusters=0 split_ops=0 nscan boundary=5 in_scope=2 committed_now=2 committed_total=4 disagree=0 births cand=0 tracks_created=0 tracks_kept=0 MAP tracks=5 published=2 unpublished=3 used=3 unused=4 hit_rate=0.75
SCAN_TIMING t=2026-01-01 00:00:11 wall_ms=3.653
SCAN_TIMING_PHASES t=2026-01-01 00:00:11 prep_ctx_ms=0.024 pre_expand_validate_ms=0.002 expand_ms=3.177 expand_hypothesise_calls=14 expand_hypothesise_ms=2.376 expand_update_calls=19 expand_update_ms=0.394 expand_other_ms=0.407 post_expand_prune_validate_ms=0.003 births_ms=0.009 cluster_build_solve_ms=0.331 post_solve_prune_ms=0.013 map_merge_ms=0.001 nscan_lifecycle_ms=0.071 cleanup_ms=0.022 other_ms=0.002
SCAN_MEMORY t=2026-01-01 00:00:11 nodes=43 maxrss_mb=128.2
SCAN_NSCAN_COMMITTED scan=11 t=2026-01-01 00:00:11 boundary=5 0->node120@s5, 1->node127@s5
TRACK_LIFECYCLE mode=map_leaf score_threshold=-4.59512 miss_threshold=7 terminated=[12] reasons=score:[12]
SCAN scan=12 t=2026-01-01 00:00:12 det=7 trees=6 leaves=18 tentative=4 confirmed=2 clusters=5 comb_eval=925 comb_feas=54 rebuilt_globals=25 split_clusters=0 split_ops=0 nscan boundary=6 in_scope=2 committed_now=2 committed_total=4 disagree=0 births cand=3 tracks_created=3 tracks_kept=2 MAP tracks=6 published=2 unpublished=4 used=5 unused=2 hit_rate=0.84
SCAN_TIMING t=2026-01-01 00:00:12 wall_ms=3.966
SCAN_TIMING_PHASES t=2026-01-01 00:00:12 prep_ctx_ms=0.020 pre_expand_validate_ms=0.001 expand_ms=3.289 expand_hypothesise_calls=14 expand_hypothesise_ms=2.407 expand_update_calls=21 expand_update_ms=0.449 expand_other_ms=0.432 post_expand_prune_validate_ms=0.003 births_ms=0.223 cluster_build_solve_ms=0.323 post_solve_prune_ms=0.012 map_merge_ms=0.001 nscan_lifecycle_ms=0.067 cleanup_ms=0.025 other_ms=0.002
SCAN_MEMORY t=2026-01-01 00:00:12 nodes=55 maxrss_mb=128.2
SCAN_NSCAN_COMMITTED scan=12 t=2026-01-01 00:00:12 boundary=6 0->node161@s6, 1->node169@s6
TRACK_LIFECYCLE mode=map_leaf score_threshold=-4.59512 miss_threshold=7 terminated=[10] reasons=score:[10]
SCAN scan=13 t=2026-01-01 00:00:13 det=8 trees=6 leaves=21 tentative=4 confirmed=2 clusters=5 comb_eval=851 comb_feas=64 rebuilt_globals=26 split_clusters=0 split_ops=0 nscan boundary=7 in_scope=2 committed_now=2 committed_total=4 disagree=0 births cand=1 tracks_created=1 tracks_kept=1 MAP tracks=6 published=2 unpublished=4 used=4 unused=4 hit_rate=0.77
SCAN_TIMING t=2026-01-01 00:00:13 wall_ms=4.782
SCAN_TIMING_PHASES t=2026-01-01 00:00:13 prep_ctx_ms=0.021 pre_expand_validate_ms=0.001 expand_ms=4.214 expand_hypothesise_calls=18 expand_hypothesise_ms=3.116 expand_update_calls=26 expand_update_ms=0.557 expand_other_ms=0.541 post_expand_prune_validate_ms=0.003 births_ms=0.087 cluster_build_solve_ms=0.350 post_solve_prune_ms=0.012 map_merge_ms=0.001 nscan_lifecycle_ms=0.064 cleanup_ms=0.027 other_ms=0.002
SCAN_MEMORY t=2026-01-01 00:00:13 nodes=63 maxrss_mb=128.2
SCAN_NSCAN_COMMITTED scan=13 t=2026-01-01 00:00:13 boundary=7 0->node195@s7, 1->node202@s7
SCAN scan=14 t=2026-01-01 00:00:14 det=6 trees=8 leaves=34 tentative=6 confirmed=2 clusters=6 comb_eval=306 comb_feas=59 rebuilt_globals=33 split_clusters=0 split_ops=0 nscan boundary=8 in_scope=2 committed_now=2 committed_total=4 disagree=0 births cand=2 tracks_created=2 tracks_kept=2 MAP tracks=8 published=2 unpublished=6 used=5 unused=1 hit_rate=0.75
SCAN_TIMING t=2026-01-01 00:00:14 wall_ms=4.769
SCAN_TIMING_PHASES t=2026-01-01 00:00:14 prep_ctx_ms=0.017 pre_expand_validate_ms=0.001 expand_ms=4.154 expand_hypothesise_calls=21 expand_hypothesise_ms=3.277 expand_update_calls=15 expand_update_ms=0.331 expand_other_ms=0.545 post_expand_prune_validate_ms=0.003 births_ms=0.148 cluster_build_solve_ms=0.325 post_solve_prune_ms=0.014 map_merge_ms=0.001 nscan_lifecycle_ms=0.074 cleanup_ms=0.029 other_ms=0.002
SCAN_MEMORY t=2026-01-01 00:00:14 nodes=95 maxrss_mb=128.3
SCAN_NSCAN_COMMITTED scan=14 t=2026-01-01 00:00:14 boundary=8 0->node231@s8, 1->node235@s8
OVERLOAD_SPLIT scan=15 cluster=0 track_ids=[0, 1, 11, 13, 14, 15, 16, 17] projected_before=22651200 threshold=500000 split_ops=11 stop=recursive_conditioning removed_edges=[0-13:1, 0-14:1, 11-14:1, 14-17:1, 15-17:1, 16-17:1, 0-15:2, 1-14:2, 1-16:2, 13-15:2, 0-1:3] subclusters=[[0], [1, 13, 14, 15, 16], [11], [17]] projected_after=[26, 39600, 11, 2] branches=981 empty_branches=756 recomb_considered=14420 recomb_infeasible=0 branch_recomb_retained=4500 recomb_failures=0 recursive_cache_hits=1294 recursive_cache_misses=237 max_recursion_depth=3 max_cut_key_count=5 total_interface_assignments=981 max_recombination_product_size=280 final_recomb_retained=20 interface_assignment_cap_fallbacks=0
TRACK_LIFECYCLE mode=map_leaf score_threshold=-4.59512 miss_threshold=7 terminated=[13] reasons=score:[13]
SCAN scan=15 t=2026-01-01 00:00:15 det=8 trees=7 leaves=14 tentative=4 confirmed=3 clusters=1 comb_eval=43221 comb_feas=8097 rebuilt_globals=20 split_clusters=1 split_ops=11 nscan boundary=9 in_scope=3 committed_now=3 committed_total=5 disagree=0 births cand=0 tracks_created=0 tracks_kept=0 MAP tracks=7 published=3 unpublished=4 used=5 unused=3 hit_rate=0.76
SCAN_TIMING t=2026-01-01 00:00:15 wall_ms=95.379
SCAN_TIMING_PHASES t=2026-01-01 00:00:15 prep_ctx_ms=0.021 pre_expand_validate_ms=0.001 expand_ms=8.204 expand_hypothesise_calls=34 expand_hypothesise_ms=6.061 expand_update_calls=52 expand_update_ms=1.104 expand_other_ms=1.038 post_expand_prune_validate_ms=0.003 births_ms=0.013 cluster_build_solve_ms=86.963 post_solve_prune_ms=0.025 map_merge_ms=0.001 nscan_lifecycle_ms=0.083 cleanup_ms=0.062 other_ms=0.003
SCAN_MEMORY t=2026-01-01 00:00:15 nodes=56 maxrss_mb=129.6
SCAN_NSCAN_COMMITTED scan=15 t=2026-01-01 00:00:15 boundary=9 0->node274@s9, 1->node285@s9, 11->node334@s9
TRACK_LIFECYCLE mode=map_leaf score_threshold=-4.59512 miss_threshold=7 terminated=[11, 14] reasons=score:[11, 14]
SCAN scan=16 t=2026-01-01 00:00:16 det=2 trees=6 leaves=14 tentative=3 confirmed=3 clusters=4 comb_eval=114 comb_feas=31 rebuilt_globals=24 split_clusters=0 split_ops=0 nscan boundary=10 in_scope=3 committed_now=3 committed_total=5 disagree=0 births cand=1 tracks_created=1 tracks_kept=1 MAP tracks=6 published=3 unpublished=3 used=2 unused=0 hit_rate=0.73
SCAN_TIMING t=2026-01-01 00:00:16 wall_ms=2.779
SCAN_TIMING_PHASES t=2026-01-01 00:00:16 prep_ctx_ms=0.013 pre_expand_validate_ms=0.002 expand_ms=2.319 expand_hypothesise_calls=14 expand_hypothesise_ms=1.893 expand_update_calls=4 expand_update_ms=0.093 expand_other_ms=0.333 post_expand_prune_validate_ms=0.003 births_ms=0.102 cluster_build_solve_ms=0.232 post_solve_prune_ms=0.013 map_merge_ms=0.001 nscan_lifecycle_ms=0.072 cleanup_ms=0.019 other_ms=0.002
SCAN_MEMORY t=2026-01-01 00:00:16 nodes=51 maxrss_mb=129.6
SCAN_NSCAN_COMMITTED scan=16 t=2026-01-01 00:00:16 boundary=10 0->node336@s10, 1->node339@s10, 11->node380@s10
TRACK_LIFECYCLE mode=map_leaf score_threshold=-4.59512 miss_threshold=7 terminated=[15] reasons=score:[15]
SCAN scan=17 t=2026-01-01 00:00:17 det=12 trees=6 leaves=15 tentative=3 confirmed=3 clusters=2 comb_eval=714 comb_feas=65 rebuilt_globals=21 split_clusters=0 split_ops=0 nscan boundary=11 in_scope=2 committed_now=2 committed_total=5 disagree=4 births cand=1 tracks_created=1 tracks_kept=1 MAP tracks=6 published=3 unpublished=3 used=5 unused=7 hit_rate=0.81
SCAN_TIMING t=2026-01-01 00:00:17 wall_ms=4.354
SCAN_TIMING_PHASES t=2026-01-01 00:00:17 prep_ctx_ms=0.030 pre_expand_validate_ms=0.001 expand_ms=3.771 expand_hypothesise_calls=14 expand_hypothesise_ms=2.764 expand_update_calls=26 expand_update_ms=0.549 expand_other_ms=0.458 post_expand_prune_validate_ms=0.003 births_ms=0.089 cluster_build_solve_ms=0.357 post_solve_prune_ms=0.014 map_merge_ms=0.001 nscan_lifecycle_ms=0.061 cleanup_ms=0.024 other_ms=0.002
SCAN_MEMORY t=2026-01-01 00:00:17 nodes=43 maxrss_mb=129.7
SCAN_NSCAN_COMMITTED scan=17 t=2026-01-01 00:00:17 boundary=11 0->node391@s11, 1->node402@s11
TRACK_LIFECYCLE mode=map_leaf score_threshold=-4.59512 miss_threshold=7 terminated=[17] reasons=score:[17]
SCAN scan=18 t=2026-01-01 00:00:18 det=9 trees=7 leaves=14 tentative=4 confirmed=3 clusters=6 comb_eval=96 comb_feas=44 rebuilt_globals=29 split_clusters=0 split_ops=0 nscan boundary=12 in_scope=2 committed_now=2 committed_total=5 disagree=0 births cand=2 tracks_created=2 tracks_kept=2 MAP tracks=7 published=3 unpublished=4 used=4 unused=5 hit_rate=0.81
SCAN_TIMING t=2026-01-01 00:00:18 wall_ms=3.676
SCAN_TIMING_PHASES t=2026-01-01 00:00:18 prep_ctx_ms=0.023 pre_expand_validate_ms=0.001 expand_ms=3.152 expand_hypothesise_calls=15 expand_hypothesise_ms=2.539 expand_update_calls=11 expand_update_ms=0.236 expand_other_ms=0.377 post_expand_prune_validate_ms=0.003 births_ms=0.144 cluster_build_solve_ms=0.250 post_solve_prune_ms=0.012 map_merge_ms=0.001 nscan_lifecycle_ms=0.070 cleanup_ms=0.018 other_ms=0.002
SCAN_MEMORY t=2026-01-01 00:00:18 nodes=44 maxrss_mb=129.8
SCAN_NSCAN_COMMITTED scan=18 t=2026-01-01 00:00:18 boundary=12 0->node426@s12, 1->node441@s12
SCAN scan=19 t=2026-01-01 00:00:19 det=6 trees=7 leaves=24 tentative=4 confirmed=3 clusters=4 comb_eval=78 comb_feas=51 rebuilt_globals=47 split_clusters=0 split_ops=0 nscan boundary=13 in_scope=2 committed_now=2 committed_total=5 disagree=10 births cand=0 tracks_created=0 tracks_kept=0 MAP tracks=7 published=3 unpublished=4 used=3 unused=3 hit_rate=0.64
SCAN_TIMING t=2026-01-01 00:00:19 wall_ms=3.316
SCAN_TIMING_PHASES t=2026-01-01 00:00:19 prep_ctx_ms=0.017 pre_expand_validate_ms=0.001 expand_ms=2.927 expand_hypothesise_calls=14 expand_hypothesise_ms=2.242 expand_update_calls=14 expand_update_ms=0.306 expand_other_ms=0.379 post_expand_prune_validate_ms=0.003 births_ms=0.007 cluster_build_solve_ms=0.264 post_solve_prune_ms=0.014 map_merge_ms=0.001 nscan_lifecycle_ms=0.060 cleanup_ms=0.019 other_ms=0.002
SCAN_MEMORY t=2026-01-01 00:00:19 nodes=59 maxrss_mb=129.9
SCAN_NSCAN_COMMITTED scan=19 t=2026-01-01 00:00:19 boundary=13 0->node465@s13, 1->node480@s13
SUMMARY scans=20 det_total=145 det_mean=7.25
SUMMARY trees active med=7.0 max=11 tentative med=4.0 max=7 confirmed med=3.0 max=4 leaves med=17.0 max=34
SUMMARY clusters count med=3.0 max=6 comb_eval med=782.5 max=113352 comb_feas med=58.0 max=8097 globals med=22.0 max=47 split_clusters med=0.0 max=1 split_ops med=0.0 max=21
SUMMARY timing scan_wall_ms med=4.2 mean=29.8 p65=4.6 p80=5.2 p90=100.0 p95=149.5 max=297.0
SUMMARY timing_phases prep_ctx_ms med=0.0 p65=0.0 p80=0.0 p90=0.0 p95=0.0 max=0.0 pre_expand_validate_ms med=0.0 p65=0.0 p80=0.0 p90=0.0 p95=0.0 max=0.0 expand_ms med=3.6 p65=3.8 p80=4.2 p90=5.1 p95=5.6 max=8.2 expand_hypothesise_ms med=2.7 p65=2.8 p80=3.1 p90=3.7 p95=4.0 max=6.1 expand_update_ms med=0.4 p65=0.5 p80=0.6 p90=0.7 p95=0.8 max=1.1 expand_other_ms med=0.4 p65=0.5 p80=0.5 p90=0.6 p95=0.7 max=1.0 expand_hypothesise_calls med=16.0 mean=15.35 max=34.0 expand_update_calls med=20.0 mean=20.80 max=52.0 post_expand_prune_validate_ms med=0.0 p65=0.0 p80=0.0 p90=0.0 p95=0.0 max=0.0 births_ms med=0.1 p65=0.1 p80=0.2 p90=0.2 p95=0.4 max=0.4 cluster_build_solve_ms med=0.3 p65=0.4 p80=1.0 p90=91.9 p95=144.2 max=291.4 post_solve_prune_ms med=0.0 p65=0.0 p80=0.0 p90=0.0 p95=0.0 max=0.0 map_merge_ms med=0.0 p65=0.0 p80=0.0 p90=0.0 p95=0.0 max=0.0 nscan_lifecycle_ms med=0.1 p65=0.1 p80=0.1 p90=0.1 p95=0.1 max=0.1 cleanup_ms med=0.0 p65=0.0 p80=0.0 p90=0.0 p95=0.0 max=0.1 other_ms med=0.0 p65=0.0 p80=0.0 p90=0.0 p95=0.0 max=0.0
SUMMARY memory nodes_total med=49.5 max=95 maxrss_mb final=129.9 peak=129.9
SUMMARY births candidates med=1.0 max=6 tracks_created med=1.0 mean=1.55 max=6 tracks_kept med=1.0 mean=1.10 max=2
SUMMARY nscan tracks_in_scope med=2.0 mean=1.55 committed_now med=2.0 mean=1.55 disagreement med=0.0 mean=1.10 max=10 latest_boundary=13 committed_tracks_total=5
SUMMARY map tracks med=7.0 mean=6.70 published med=3.0 mean=2.40 unpublished med=4.0 mean=4.30 used med=5.0 mean=4.25 unused med=3.0 mean=3.00 hit_rate mean=0.777 miss_hist={0: 85, 1: 32, 2: 12, 3: 4, 4: 1}
Animation display disabled via TOMHT_NO_SHOW.
