OPERATING_MODE setup=crossing resolved=CUSTOM requested=CUSTOM scenario_start_time=2026-01-01 00:00:00 births=on external_starts=off external_start_timing=off external_start_timing_source=disabled
SCAN scan=0 t=2026-01-01 00:00:00 det=5 trees=5 leaves=5 tentative=5 confirmed=0 clusters=0 comb_eval=0 comb_feas=0 rebuilt_globals=0 split_clusters=0 split_ops=0 nscan boundary=-6 in_scope=0 committed_now=0 committed_total=0 disagree=0 births cand=5 tracks_created=5 tracks_kept=5 MAP tracks=5 published=0 unpublished=5 used=5 unused=0 hit_rate=1.00
SCAN scan=1 t=2026-01-01 00:00:01 det=9 trees=10 leaves=15 tentative=9 confirmed=1 clusters=4 comb_eval=13 comb_feas=10 rebuilt_globals=10 split_clusters=0 split_ops=0 nscan boundary=-5 in_scope=0 committed_now=0 committed_total=0 disagree=0 births cand=5 tracks_created=5 tracks_kept=5 MAP tracks=10 published=1 unpublished=9 used=7 unused=2 hit_rate=0.85
SCAN scan=2 t=2026-01-01 00:00:02 det=8 trees=10 leaves=24 tentative=8 confirmed=2 clusters=6 comb_eval=146 comb_feas=48 rebuilt_globals=30 split_clusters=0 split_ops=0 nscan boundary=-4 in_scope=0 committed_now=0 committed_total=0 disagree=0 births cand=0 tracks_created=0 tracks_kept=0 MAP tracks=10 published=2 unpublished=8 used=6 unused=2 hit_rate=0.73
OVERLOAD_SPLIT scan=3 cluster=0 track_ids=[0, 1, 2, 3, 4, 5, 6, 7, 8] projected_before=1382400 threshold=500000 split_ops=15 stop=greedy_partition removed_edges=[0-7:1, 0-8:1, 1-4:1, 1-5:1, 1-6:1, 2-3:1, 2-4:1, 2-5:1, 3-6:1, 3-8:1, 4-7:1, 4-8:1, 5-7:1, 5-8:1, 6-7:1] subclusters=[[0, 1, 2, 3, 4, 5, 6, 8], [7]] projected_after=[460800, 3] branches=0 empty_branches=0 recomb_considered=40 recomb_infeasible=0 branch_recomb_retained=20 recomb_failures=0 recursive_cache_hits=0 recursive_cache_misses=5 max_recursion_depth=1 max_cut_key_count=1 total_interface_assignments=0 max_recombination_product_size=40 final_recomb_retained=20 interface_assignment_cap_fallbacks=0 greedy_splits=1 greedy_fallbacks=0 greedy_assign_l=1 greedy_assign_r=0 greedy_assign_none=0 greedy_released=0
SCAN scan=3 t=2026-01-01 00:00:03 det=4 trees=10 leaves=25 tentative=8 confirmed=2 clusters=2 comb_eval=5800 comb_feas=106 rebuilt_globals=21 split_clusters=1 split_ops=15 nscan boundary=-3 in_scope=0 committed_now=0 committed_total=0 disagree=0 births cand=0 tracks_created=0 tracks_kept=0 MAP tracks=10 published=2 unpublished=8 used=4 unused=0 hit_rate=0.64
OVERLOAD_SPLIT scan=4 cluster=0 track_ids=[0, 1, 2, 3, 4, 5, 6, 7, 8, 9] projected_before=47416320 threshold=500000 split_ops=10 stop=greedy_partition removed_edges=[0-1:1, 1-5:1, 1-6:1, 1-7:1, 2-3:1, 2-5:1, 2-8:1, 3-6:1, 3-7:1, 2-4:2] subclusters=[[0], [1], [2], [3, 4, 5, 6, 7, 8, 9]] projected_after=[3, 4, 4, 987840] branches=0 empty_branches=0 recomb_considered=200 recomb_infeasible=0 branch_recomb_retained=60 recomb_failures=0 recursive_cache_hits=0 recursive_cache_misses=11 max_recursion_depth=3 max_cut_key_count=2 total_interface_assignments=0 max_recombination_product_size=80 final_recomb_retained=20 interface_assignment_cap_fallbacks=0 greedy_splits=3 greedy_fallbacks=0 greedy_assign_l=3 greedy_assign_r=1 greedy_assign_none=0 greedy_released=0
TRACK_LIFECYCLE mode=map_leaf score_threshold=-4.59512 miss_threshold=7 terminated=[0, 3, 9] reasons=score:[0, 3, 9]
SCAN scan=4 t=2026-01-01 00:00:04 det=8 trees=9 leaves=17 tentative=7 confirmed=2 clusters=1 comb_eval=6199 comb_feas=173 rebuilt_globals=20 split_clusters=1 split_ops=10 nscan boundary=-2 in_scope=0 committed_now=0 committed_total=0 disagree=0 births cand=2 tracks_created=2 tracks_kept=2 MAP tracks=9 published=2 unpublished=7 used=8 unused=0 hit_rate=0.73
TRACK_LIFECYCLE mode=map_leaf score_threshold=-4.59512 miss_threshold=7 terminated=[4, 6, 7, 8] reasons=score:[4, 6, 7, 8]
SCAN scan=5 t=2026-01-01 00:00:05 det=6 trees=6 leaves=8 tentative=3 confirmed=3 clusters=3 comb_eval=637 comb_feas=53 rebuilt_globals=22 split_clusters=0 split_ops=0 nscan boundary=-1 in_scope=0 committed_now=0 committed_total=0 disagree=0 births cand=1 tracks_created=1 tracks_kept=1 MAP tracks=6 published=3 unpublished=3 used=5 unused=1 hit_rate=0.85
TRACK_LIFECYCLE mode=map_leaf score_threshold=-4.59512 miss_threshold=7 terminated=[5] reasons=score:[5]
SCAN scan=6 t=2026-01-01 00:00:06 det=7 trees=7 leaves=15 tentative=4 confirmed=3 clusters=4 comb_eval=32 comb_feas=22 rebuilt_globals=22 split_clusters=0 split_ops=0 nscan boundary=0 in_scope=0 committed_now=0 committed_total=0 disagree=0 births cand=2 tracks_created=2 tracks_kept=2 MAP tracks=7 published=3 unpublished=4 used=5 unused=2 hit_rate=0.83
SCAN scan=7 t=2026-01-01 00:00:07 det=8 trees=7 leaves=23 tentative=3 confirmed=4 clusters=3 comb_eval=296 comb_feas=58 rebuilt_globals=25 split_clusters=0 split_ops=0 nscan boundary=1 in_scope=2 committed_now=2 committed_total=2 disagree=0 births cand=0 tracks_created=0 tracks_kept=0 MAP tracks=7 published=4 unpublished=3 used=5 unused=3 hit_rate=0.77
SCAN_NSCAN_COMMITTED scan=7 t=2026-01-01 00:00:07 boundary=1 1->node8@s1, 2->node10@s1
SCAN scan=8 t=2026-01-01 00:00:08 det=7 trees=8 leaves=24 tentative=4 confirmed=4 clusters=2 comb_eval=1743 comb_feas=49 rebuilt_globals=24 split_clusters=0 split_ops=0 nscan boundary=2 in_scope=2 committed_now=2 committed_total=2 disagree=0 births cand=1 tracks_created=1 tracks_kept=1 MAP tracks=8 published=4 unpublished=4 used=6 unused=1 hit_rate=0.71
SCAN_NSCAN_COMMITTED scan=8 t=2026-01-01 00:00:08 boundary=2 1->node28@s2, 2->node33@s2
TRACK_LIFECYCLE mode=map_leaf score_threshold=-4.59512 miss_threshold=7 terminated=[12] reasons=score:[12]
SCAN scan=9 t=2026-01-01 00:00:09 det=7 trees=8 leaves=17 tentative=4 confirmed=4 clusters=2 comb_eval=1037 comb_feas=52 rebuilt_globals=21 split_clusters=0 split_ops=0 nscan boundary=3 in_scope=2 committed_now=2 committed_total=2 disagree=0 births cand=1 tracks_created=1 tracks_kept=1 MAP tracks=8 published=4 unpublished=4 used=6 unused=1 hit_rate=0.72
SCAN_NSCAN_COMMITTED scan=9 t=2026-01-01 00:00:09 boundary=3 1->node68@s3, 2->node72@s3
SCAN scan=10 t=2026-01-01 00:00:10 det=11 trees=11 leaves=23 tentative=7 confirmed=4 clusters=2 comb_eval=668 comb_feas=51 rebuilt_globals=22 split_clusters=0 split_ops=0 nscan boundary=4 in_scope=2 committed_now=2 committed_total=2 disagree=0 births cand=3 tracks_created=3 tracks_kept=3 MAP tracks=11 published=4 unpublished=7 used=8 unused=3 hit_rate=0.80
SCAN_NSCAN_COMMITTED scan=10 t=2026-01-01 00:00:10 boundary=4 1->node108@s4, 2->node112@s4
TRACK_LIFECYCLE mode=map_leaf score_threshold=-4.59512 miss_threshold=7 terminated=[10, 13] reasons=score:[10, 13]
SCAN scan=11 t=2026-01-01 00:00:11 det=7 trees=10 leaves=24 tentative=6 confirmed=4 clusters=6 comb_eval=1762 comb_feas=87 rebuilt_globals=29 split_clusters=0 split_ops=0 nscan boundary=5 in_scope=4 committed_now=4 committed_total=4 disagree=0 births cand=1 tracks_created=1 tracks_kept=1 MAP tracks=10 published=4 unpublished=6 used=5 unused=2 hit_rate=0.69
SCAN_NSCAN_COMMITTED scan=11 t=2026-01-01 00:00:11 boundary=5 1->node171@s5, 2->node173@s5, 10->node197@s5, 11->node198@s5
TRACK_LIFECYCLE mode=map_leaf score_threshold=-4.59512 miss_threshold=7 terminated=[11, 14, 15] reasons=score:[11, 14, 15]
SCAN scan=12 t=2026-01-01 00:00:12 det=7 trees=10 leaves=20 tentative=7 confirmed=3 clusters=3 comb_eval=12146 comb_feas=127 rebuilt_globals=23 split_clusters=0 split_ops=0 nscan boundary=6 in_scope=3 committed_now=3 committed_total=4 disagree=0 births cand=3 tracks_created=3 tracks_kept=3 MAP tracks=10 published=3 unpublished=7 used=7 unused=0 hit_rate=0.82
SCAN_NSCAN_COMMITTED scan=12 t=2026-01-01 00:00:12 boundary=6 1->node202@s6, 2->node204@s6, 11->node213@s6
SCAN scan=13 t=2026-01-01 00:00:13 det=8 trees=10 leaves=31 tentative=7 confirmed=3 clusters=5 comb_eval=591 comb_feas=76 rebuilt_globals=44 split_clusters=0 split_ops=0 nscan boundary=7 in_scope=2 committed_now=2 committed_total=4 disagree=0 births cand=0 tracks_created=0 tracks_kept=0 MAP tracks=10 published=3 unpublished=7 used=5 unused=3 hit_rate=0.68
SCAN_NSCAN_COMMITTED scan=13 t=2026-01-01 00:00:13 boundary=7 1->node219@s7, 2->node223@s7
OVERLOAD_SPLIT scan=14 cluster=0 track_ids=[1, 2, 16, 17, 18, 19, 20, 23] projected_before=11340000 threshold=500000 split_ops=10 stop=greedy_partition removed_edges=[1-16:1, 1-17:1, 1-18:1, 1-19:1, 1-20:1, 1-23:1, 2-17:1, 16-19:1, 16-20:1, 2-19:2] subclusters=[[1, 2], [16], [17, 18, 19, 20, 23]] projected_after=[100, 3, 37800] branches=0 empty_branches=0 recomb_considered=420 recomb_infeasible=0 branch_recomb_retained=40 recomb_failures=0 recursive_cache_hits=0 recursive_cache_misses=8 max_recursion_depth=2 max_cut_key_count=3 total_interface_assignments=0 max_recombination_product_size=400 final_recomb_retained=20 interface_assignment_cap_fallbacks=0 greedy_splits=2 greedy_fallbacks=0 greedy_assign_l=5 greedy_assign_r=0 greedy_assign_none=0 greedy_released=0
TRACK_LIFECYCLE mode=map_leaf score_threshold=-4.59512 miss_threshold=7 terminated=[16, 19] reasons=score:[16, 19]
SCAN scan=14 t=2026-01-01 00:00:14 det=6 trees=8 leaves=21 tentative=6 confirmed=2 clusters=3 comb_eval=1830 comb_feas=160 rebuilt_globals=22 split_clusters=1 split_ops=10 nscan boundary=8 in_scope=2 committed_now=2 committed_total=4 disagree=0 births cand=0 tracks_created=0 tracks_kept=0 MAP tracks=8 published=2 unpublished=6 used=4 unused=2 hit_rate=0.63
SCAN_NSCAN_COMMITTED scan=14 t=2026-01-01 00:00:14 boundary=8 1->node251@s8, 2->node257@s8
TRACK_LIFECYCLE mode=map_leaf score_threshold=-4.59512 miss_threshold=7 terminated=[17, 18, 21] reasons=score:[17, 18, 21]
SCAN scan=15 t=2026-01-01 00:00:15 det=8 trees=7 leaves=15 tentative=5 confirmed=2 clusters=1 comb_eval=1753 comb_feas=75 rebuilt_globals=20 split_clusters=0 split_ops=0 nscan boundary=9 in_scope=2 committed_now=2 committed_total=4 disagree=0 births cand=2 tracks_created=2 tracks_kept=2 MAP tracks=7 published=2 unpublished=5 used=6 unused=2 hit_rate=0.83
SCAN_NSCAN_COMMITTED scan=15 t=2026-01-01 00:00:15 boundary=9 1->node300@s9, 2->node304@s9
TRACK_LIFECYCLE mode=map_leaf score_threshold=-4.59512 miss_threshold=7 terminated=[20, 22] reasons=score:[20, 22]
SCAN scan=16 t=2026-01-01 00:00:16 det=2 trees=6 leaves=14 tentative=4 confirmed=2 clusters=5 comb_eval=79 comb_feas=31 rebuilt_globals=27 split_clusters=0 split_ops=0 nscan boundary=10 in_scope=2 committed_now=2 committed_total=4 disagree=0 births cand=1 tracks_created=1 tracks_kept=1 MAP tracks=6 published=2 unpublished=4 used=2 unused=0 hit_rate=0.75
SCAN_NSCAN_COMMITTED scan=16 t=2026-01-01 00:00:16 boundary=10 1->node349@s10, 2->node350@s10
TRACK_LIFECYCLE mode=map_leaf score_threshold=-4.59512 miss_threshold=7 terminated=[23] reasons=score:[23]
SCAN scan=17 t=2026-01-01 00:00:17 det=12 trees=9 leaves=17 tentative=7 confirmed=2 clusters=2 comb_eval=450 comb_feas=60 rebuilt_globals=24 split_clusters=0 split_ops=0 nscan boundary=11 in_scope=2 committed_now=2 committed_total=4 disagree=0 births cand=4 tracks_created=4 tracks_kept=4 MAP tracks=9 published=2 unpublished=7 used=9 unused=3 hit_rate=0.91
SCAN_NSCAN_COMMITTED scan=17 t=2026-01-01 00:00:17 boundary=11 1->node385@s11, 2->node388@s11
SCAN scan=18 t=2026-01-01 00:00:18 det=9 trees=11 leaves=21 tentative=9 confirmed=2 clusters=4 comb_eval=722 comb_feas=81 rebuilt_globals=27 split_clusters=0 split_ops=0 nscan boundary=12 in_scope=2 committed_now=2 committed_total=4 disagree=0 births cand=2 tracks_created=2 tracks_kept=2 MAP tracks=11 published=2 unpublished=9 used=5 unused=4 hit_rate=0.73
SCAN_NSCAN_COMMITTED scan=18 t=2026-01-01 00:00:18 boundary=12 1->node428@s12, 2->node432@s12
TRACK_LIFECYCLE mode=map_leaf score_threshold=-4.59512 miss_threshold=7 terminated=[24, 25] reasons=score:[24, 25]
SCAN scan=19 t=2026-01-01 00:00:19 det=6 trees=9 leaves=11 tentative=6 confirmed=3 clusters=3 comb_eval=4123 comb_feas=146 rebuilt_globals=23 split_clusters=0 split_ops=0 nscan boundary=13 in_scope=2 committed_now=2 committed_total=4 disagree=6 births cand=0 tracks_created=0 tracks_kept=0 MAP tracks=9 published=3 unpublished=6 used=5 unused=1 hit_rate=0.68
SCAN_NSCAN_COMMITTED scan=19 t=2026-01-01 00:00:19 boundary=13 1->node484@s13, 2->node493@s13
SUMMARY scans=20 det_total=145 det_mean=7.25
SUMMARY trees active med=9.0 max=11 tentative med=6.0 max=9 confirmed med=2.5 max=4 leaves med=18.5 max=31
SUMMARY clusters count med=3.0 max=6 comb_eval med=695.0 max=12146 comb_feas med=59.0 max=173 globals med=22.5 max=44 split_clusters med=0.0 max=1 split_ops med=0.0 max=15
SUMMARY births candidates med=1.0 max=5 tracks_created med=1.0 mean=1.65 max=5 tracks_kept med=1.0 mean=1.65 max=5
SUMMARY nscan tracks_in_scope med=2.0 mean=1.45 committed_now med=2.0 mean=1.45 disagreement med=0.0 mean=0.30 max=6 latest_boundary=13 committed_tracks_total=4
SUMMARY map tracks med=9.0 mean=8.55 published med=2.5 mean=2.60 unpublished med=6.0 mean=5.95 used med=5.0 mean=5.65 unused med=2.0 mean=1.60 hit_rate mean=0.768 miss_hist={0: 113, 1: 47, 2: 11}
Animation display disabled via TOMHT_NO_SHOW.
